Core/Src/FederatedClient.c:48:13:FLC_StateStr	0	static
Core/Src/FederatedClient.c:65:6:FLC_Init	16	static
Core/Src/FederatedClient.c:89:9:FLC_SubmitSample	32	static
Core/Src/FederatedClient.c:178:6:FLC_DoTraining	56	static
Core/Src/FederatedClient.c:224:6:FLC_DoUpload	32	static
Core/Src/FederatedClient.c:356:6:FLC_TriggerUpload	24	static
Core/Src/FederatedClient.c:365:6:FLC_Reset	8	static
Core/Src/FederatedClient.c:373:6:FLC_PrintStatus	48	static
Core/Src/FederatedClient.c:307:6:FLC_DoDownload	16	static
Core/Src/FederatedClient.c:133:6:FLC_Tick	16	static
