Archive member included to satisfy reference by file (symbol)

/opt/arm-gnu-toolchain-15.2.rel1-x86_64-arm-none-eabi/bin/../lib/gcc/arm-none-eabi/15.2.1/../../../../arm-none-eabi/lib/thumb/v7e-m+fp/hard/libm.a(libm_a-wf_atan2.o)
                              build/Core/Src/ComplementaryFilter.o (atan2f)
/opt/arm-gnu-toolchain-15.2.rel1-x86_64-arm-none-eabi/bin/../lib/gcc/arm-none-eabi/15.2.1/../../../../arm-none-eabi/lib/thumb/v7e-m+fp/hard/libm.a(libm_a-wf_exp.o)
                              build/Core/Src/NeuralNetwork.o (expf)
/opt/arm-gnu-toolchain-15.2.rel1-x86_64-arm-none-eabi/bin/../lib/gcc/arm-none-eabi/15.2.1/../../../../arm-none-eabi/lib/thumb/v7e-m+fp/hard/libm.a(libm_a-wf_log.o)
                              build/Core/Src/NeuralNetwork.o (logf)
/opt/arm-gnu-toolchain-15.2.rel1-x86_64-arm-none-eabi/bin/../lib/gcc/arm-none-eabi/15.2.1/../../../../arm-none-eabi/lib/thumb/v7e-m+fp/hard/libm.a(libm_a-wf_sqrt.o)
                              build/Core/Src/FeatureExtractor.o (sqrtf)
/opt/arm-gnu-toolchain-15.2.rel1-x86_64-arm-none-eabi/bin/../lib/gcc/arm-none-eabi/15.2.1/../../../../arm-none-eabi/lib/thumb/v7e-m+fp/hard/libm.a(libm_a-sf_finite.o)
                              /opt/arm-gnu-toolchain-15.2.rel1-x86_64-arm-none-eabi/bin/../lib/gcc/arm-none-eabi/15.2.1/../../../../arm-none-eabi/lib/thumb/v7e-m+fp/hard/libm.a(libm_a-wf_exp.o) (finitef)
/opt/arm-gnu-toolchain-15.2.rel1-x86_64-arm-none-eabi/bin/../lib/gcc/arm-none-eabi/15.2.1/../../../../arm-none-eabi/lib/thumb/v7e-m+fp/hard/libm.a(libm_a-sf_nan.o)
                              /opt/arm-gnu-toolchain-15.2.rel1-x86_64-arm-none-eabi/bin/../lib/gcc/arm-none-eabi/15.2.1/../../../../arm-none-eabi/lib/thumb/v7e-m+fp/hard/libm.a(libm_a-wf_log.o) (nanf)
/opt/arm-gnu-toolchain-15.2.rel1-x86_64-arm-none-eabi/bin/../lib/gcc/arm-none-eabi/15.2.1/../../../../arm-none-eabi/lib/thumb/v7e-m+fp/hard/libm.a(libm_a-ef_sqrt.o)
                              /opt/arm-gnu-toolchain-15.2.rel1-x86_64-arm-none-eabi/bin/../lib/gcc/arm-none-eabi/15.2.1/../../../../arm-none-eabi/lib/thumb/v7e-m+fp/hard/libm.a(libm_a-wf_sqrt.o) (__ieee754_sqrtf)
/opt/arm-gnu-toolchain-15.2.rel1-x86_64-arm-none-eabi/bin/../lib/gcc/arm-none-eabi/15.2.1/../../../../arm-none-eabi/lib/thumb/v7e-m+fp/hard/libm.a(libm_a-ef_atan2.o)
                              /opt/arm-gnu-toolchain-15.2.rel1-x86_64-arm-none-eabi/bin/../lib/gcc/arm-none-eabi/15.2.1/../../../../arm-none-eabi/lib/thumb/v7e-m+fp/hard/libm.a(libm_a-wf_atan2.o) (__ieee754_atan2f)
/opt/arm-gnu-toolchain-15.2.rel1-x86_64-arm-none-eabi/bin/../lib/gcc/arm-none-eabi/15.2.1/../../../../arm-none-eabi/lib/thumb/v7e-m+fp/hard/libm.a(libm_a-ef_exp.o)
                              /opt/arm-gnu-toolchain-15.2.rel1-x86_64-arm-none-eabi/bin/../lib/gcc/arm-none-eabi/15.2.1/../../../../arm-none-eabi/lib/thumb/v7e-m+fp/hard/libm.a(libm_a-wf_exp.o) (__ieee754_expf)
/opt/arm-gnu-toolchain-15.2.rel1-x86_64-arm-none-eabi/bin/../lib/gcc/arm-none-eabi/15.2.1/../../../../arm-none-eabi/lib/thumb/v7e-m+fp/hard/libm.a(libm_a-ef_log.o)
                              /opt/arm-gnu-toolchain-15.2.rel1-x86_64-arm-none-eabi/bin/../lib/gcc/arm-none-eabi/15.2.1/../../../../arm-none-eabi/lib/thumb/v7e-m+fp/hard/libm.a(libm_a-wf_log.o) (__ieee754_logf)
/opt/arm-gnu-toolchain-15.2.rel1-x86_64-arm-none-eabi/bin/../lib/gcc/arm-none-eabi/15.2.1/../../../../arm-none-eabi/lib/thumb/v7e-m+fp/hard/libm.a(libm_a-sf_atan.o)
                              /opt/arm-gnu-toolchain-15.2.rel1-x86_64-arm-none-eabi/bin/../lib/gcc/arm-none-eabi/15.2.1/../../../../arm-none-eabi/lib/thumb/v7e-m+fp/hard/libm.a(libm_a-ef_atan2.o) (atanf)
/opt/arm-gnu-toolchain-15.2.rel1-x86_64-arm-none-eabi/bin/../lib/gcc/arm-none-eabi/15.2.1/../../../../arm-none-eabi/lib/thumb/v7e-m+fp/hard/libm.a(libm_a-sf_fabs.o)
                              /opt/arm-gnu-toolchain-15.2.rel1-x86_64-arm-none-eabi/bin/../lib/gcc/arm-none-eabi/15.2.1/../../../../arm-none-eabi/lib/thumb/v7e-m+fp/hard/libm.a(libm_a-ef_atan2.o) (fabsf)
/opt/arm-gnu-toolchain-15.2.rel1-x86_64-arm-none-eabi/bin/../lib/gcc/arm-none-eabi/15.2.1/../../../../arm-none-eabi/lib/thumb/v7e-m+fp/hard/libm.a(libm_a-math_errf.o)
                              /opt/arm-gnu-toolchain-15.2.rel1-x86_64-arm-none-eabi/bin/../lib/gcc/arm-none-eabi/15.2.1/../../../../arm-none-eabi/lib/thumb/v7e-m+fp/hard/libm.a(libm_a-ef_exp.o) (__math_uflowf)
/opt/arm-gnu-toolchain-15.2.rel1-x86_64-arm-none-eabi/bin/../lib/gcc/arm-none-eabi/15.2.1/../../../../arm-none-eabi/lib/thumb/v7e-m+fp/hard/libc_nano.a(libc_a-exit.o)
                              /opt/arm-gnu-toolchain-15.2.rel1-x86_64-arm-none-eabi/bin/../lib/gcc/arm-none-eabi/15.2.1/../../../../arm-none-eabi/lib/thumb/v7e-m+fp/hard/crt0.o (exit)
/opt/arm-gnu-toolchain-15.2.rel1-x86_64-arm-none-eabi/bin/../lib/gcc/arm-none-eabi/15.2.1/../../../../arm-none-eabi/lib/thumb/v7e-m+fp/hard/libc_nano.a(libc_a-findfp.o)
[...]
Memory Configuration

Name             Origin             Length             Attributes
CCMRAM           0x10000000         0x00010000         xrw
FLASH            0x08000000         0x00100000         xr
RAM              0x20000000         0x00020000         xrw
SRAM2            0x2001c000         0x00004000         xrw
*default*        0x00000000         0xffffffff

Linker script and memory map

LOAD /opt/arm-gnu-toolchain-15.2.rel1-x86_64-arm-none-eabi/bin/../lib/gcc/arm-none-eabi/15.2.1/thumb/v7e-m+fp/hard/crti.o
LOAD /opt/arm-gnu-toolchain-15.2.rel1-x86_64-arm-none-eabi/bin/../lib/gcc/arm-none-eabi/15.2.1/thumb/v7e-m+fp/hard/crtbegin.o
LOAD /opt/arm-gnu-toolchain-15.2.rel1-x86_64-arm-none-eabi/bin/../lib/gcc/arm-none-eabi/15.2.1/../../../../arm-none-eabi/lib/thumb/v7e-m+fp/hard/crt0.o
LOAD build/Core/Src/main.o
LOAD build/Core/Src/MPU6050.o
LOAD build/Core/Src/ComplementaryFilter.o
LOAD build/Core/Src/FeatureExtractor.o
LOAD build/Core/Src/NeuralNetwork.o
LOAD build/Core/Src/Serialization.o
LOAD build/Core/Src/FederatedClient.o
LOAD build/Core/Src/Utils.o
LOAD build/Drivers/STM32F4xx_HAL_Driver/Src/stm32f4xx_hal.o
LOAD build/Drivers/STM32F4xx_HAL_Driver/Src/stm32f4xx_hal_cortex.o
LOAD build/Drivers/STM32F4xx_HAL_Driver/Src/stm32f4xx_hal_rcc.o
LOAD build/Drivers/STM32F4xx_HAL_Driver/Src/stm32f4xx_hal_rcc_ex.o
LOAD build/Drivers/STM32F4xx_HAL_Driver/Src/stm32f4xx_hal_gpio.o
LOAD build/Drivers/STM32F4xx_HAL_Driver/Src/stm32f4xx_hal_uart.o
LOAD build/Drivers/STM32F4xx_HAL_Driver/Src/stm32f4xx_hal_i2c.o
LOAD build/Drivers/STM32F4xx_HAL_Driver/Src/stm32f4xx_hal_tim.o
LOAD build/Drivers/STM32F4xx_HAL_Driver/Src/stm32f4xx_hal_tim_ex.o
LOAD build/Drivers/STM32F4xx_HAL_Driver/Src/stm32f4xx_hal_pwr.o
LOAD build/Drivers/STM32F4xx_HAL_Driver/Src/stm32f4xx_hal_pwr_ex.o
LOAD build/Drivers/STM32F4xx_HAL_Driver/Src/stm32f4xx_hal_dma.o
LOAD build/Drivers/STM32F4xx_HAL_Driver/Src/stm32f4xx_hal_flash.o
LOAD build/Drivers/STM32F4xx_HAL_Driver/Src/stm32f4xx_hal_flash_ex.o
LOAD build/Core/Src/stm32f4xx_hal_msp.o
LOAD build/Core/Src/stm32f4xx_it.o
LOAD build/Core/Src/system_stm32f4xx.o
LOAD build/startup_stm32f405xx.o
LOAD /opt/arm-gnu-toolchain-15.2.rel1-x86_64-arm-none-eabi/bin/../lib/gcc/arm-none-eabi/15.2.1/../../../../arm-none-eabi/lib/thumb/v7e-m+fp/hard/libm.a
LOAD /opt/arm-gnu-toolchain-15.2.rel1-x86_64-arm-none-eabi/bin/../lib/gcc/arm-none-eabi/15.2.1/../../../../arm-none-eabi/lib/thumb/v7e-m+fp/hard/libc_nano.a
START GROUP
LOAD /opt/arm-gnu-toolchain-15.2.rel1-x86_64-arm-none-eabi/bin/../lib/gcc/arm-none-eabi/15.2.1/thumb/v7e-m+fp/hard/libgcc.a
LOAD /opt/arm-gnu-toolchain-15.2.rel1-x86_64-arm-none-eabi/bin/../lib/gcc/arm-none-eabi/15.2.1/../../../../arm-none-eabi/lib/thumb/v7e-m+fp/hard/libc_nano.a
END GROUP
START GROUP
LOAD /opt/arm-gnu-toolchain-15.2.rel1-x86_64-arm-none-eabi/bin/../lib/gcc/arm-none-eabi/15.2.1/thumb/v7e-m+fp/hard/libgcc.a
LOAD /opt/arm-gnu-toolchain-15.2.rel1-x86_64-arm-none-eabi/bin/../lib/gcc/arm-none-eabi/15.2.1/../../../../arm-none-eabi/lib/thumb/v7e-m+fp/hard/libc_nano.a
LOAD /opt/arm-gnu-toolchain-15.2.rel1-x86_64-arm-none-eabi/bin/../lib/gcc/arm-none-eabi/15.2.1/../../../../arm-none-eabi/lib/thumb/v7e-m+fp/hard/libnosys.a
END GROUP
START GROUP
LOAD /opt/arm-gnu-toolchain-15.2.rel1-x86_64-arm-none-eabi/bin/../lib/gcc/arm-none-eabi/15.2.1/thumb/v7e-m+fp/hard/libgcc.a
LOAD /opt/arm-gnu-toolchain-15.2.rel1-x86_64-arm-none-eabi/bin/../lib/gcc/arm-none-eabi/15.2.1/../../../../arm-none-eabi/lib/thumb/v7e-m+fp/hard/libc_nano.a
LOAD /opt/arm-gnu-toolchain-15.2.rel1-x86_64-arm-none-eabi/bin/../lib/gcc/arm-none-eabi/15.2.1/../../../../arm-none-eabi/lib/thumb/v7e-m+fp/hard/libnosys.a
END GROUP
LOAD /opt/arm-gnu-toolchain-15.2.rel1-x86_64-arm-none-eabi/bin/../lib/gcc/arm-none-eabi/15.2.1/thumb/v7e-m+fp/hard/crtend.o
LOAD /opt/arm-gnu-toolchain-15.2.rel1-x86_64-arm-none-eabi/bin/../lib/gcc/arm-none-eabi/15.2.1/thumb/v7e-m+fp/hard/crtn.o
                0x20020000                        _estack = (ORIGIN (RAM) + LENGTH (RAM))
                0x00000000                        _Min_Heap_Size = 0x0
                0x00000800                        _Min_Stack_Size = 0x800

.isr_vector     0x08000000      0x188
                0x08000000                        . = ALIGN (0x4)
 *(.isr_vector)
 .isr_vector    0x08000000      0x188 build/startup_stm32f405xx.o
                0x08000000                g_pfnVectors
                0x08000188                        . = ALIGN (0x4)

.text           0x08000190     0x62f4
                0x08000190                        . = ALIGN (0x4)
 *(.text)
 .text          0x08000190       0xa0 /opt/arm-gnu-toolchain-15.2.rel1-x86_64-arm-none-eabi/bin/../lib/gcc/arm-none-eabi/15.2.1/../../../../arm-none-eabi/lib/thumb/v7e-m+fp/hard/libc_nano.a(libc_a-memchr.o)
                0x08000190                memchr
 .text          0x08000230      0x378 /opt/arm-gnu-toolchain-15.2.rel1-x86_64-arm-none-eabi/bin/../lib/gcc/arm-none-eabi/15.2.1/thumb/v7e-m+fp/hard/libgcc.a(_arm_addsubdf3.o)
                0x08000230                __aeabi_drsub
                0x08000238                __aeabi_dsub
                0x08000238                __subdf3
                0x0800023c                __adddf3
                0x0800023c                __aeabi_dadd
                0x080004b4                __aeabi_ui2d
                0x080004b4                __floatunsidf
                0x080004d4                __floatsidf
                0x080004d4                __aeabi_i2d
                0x080004f8                __extendsfdf2
                0x080004f8                __aeabi_f2d
                0x0800053c                __aeabi_ul2d
                0x0800053c                __floatundidf
                0x0800054c                __floatdidf
                0x0800054c                __aeabi_l2d
 .text          0x080005a8      0x424 /opt/arm-gnu-toolchain-15.2.rel1-x86_64-arm-none-eabi/bin/../lib/gcc/arm-none-eabi/15.2.1/thumb/v7e-m+fp/hard/libgcc.a(_arm_muldivdf3.o)
                0x080005a8                __aeabi_dmul
                0x080005a8                __muldf3
                0x080007fc                __aeabi_ddiv
                0x080007fc                __divdf3
 .text          0x080009cc       0xa0 /opt/arm-gnu-toolchain-15.2.rel1-x86_64-arm-none-eabi/bin/../lib/gcc/arm-none-eabi/15.2.1/thumb/v7e-m+fp/hard/libgcc.a(_arm_truncdfsf2.o)
                0x080009cc                __aeabi_d2f
                0x080009cc                __truncdfsf2
 .text          0x08000a6c       0x30 /opt/arm-gnu-toolchain-15.2.rel1-x86_64-arm-none-eabi/bin/../lib/gcc/arm-none-eabi/15.2.1/thumb/v7e-m+fp/hard/libgcc.a(_aeabi_uldivmod.o)
                0x08000a6c                __aeabi_uldivmod
 .text          0x08000a9c        0x4 /opt/arm-gnu-toolchain-15.2.rel1-x86_64-arm-none-eabi/bin/../lib/gcc/arm-none-eabi/15.2.1/thumb/v7e-m+fp/hard/libgcc.a(_dvmd_tls.o)
                0x08000a9c                __aeabi_ldiv0
                0x08000a9c                __aeabi_idiv0
 *(.text*)
 .text.deregister_tm_clones
                0x08000aa0       0x1c /opt/arm-gnu-toolchain-15.2.rel1-x86_64-arm-none-eabi/bin/../lib/gcc/arm-none-eabi/15.2.1/thumb/v7e-m+fp/hard/crtbegin.o
 .text.register_tm_clones
                0x08000abc       0x24 /opt/arm-gnu-toolchain-15.2.rel1-x86_64-arm-none-eabi/bin/../lib/gcc/arm-none-eabi/15.2.1/thumb/v7e-m+fp/hard/crtbegin.o
 .text.__do_global_dtors_aux
                0x08000ae0       0x28 /opt/arm-gnu-toolchain-15.2.rel1-x86_64-arm-none-eabi/bin/../lib/gcc/arm-none-eabi/15.2.1/thumb/v7e-m+fp/hard/crtbegin.o
 .text.frame_dummy
                0x08000b08       0x24 /opt/arm-gnu-toolchain-15.2.rel1-x86_64-arm-none-eabi/bin/../lib/gcc/arm-none-eabi/15.2.1/thumb/v7e-m+fp/hard/crtbegin.o
 .text.App_UpdateLEDs
                0x08000b2c       0x54 build/Core/Src/main.o
 .text.startup.main
                0x08000b80      0x6f4 build/Core/Src/main.o
                0x08000b80                main
 .text.HAL_TIM_PeriodElapsedCallback
                0x08001274       0x1c build/Core/Src/main.o
                0x08001274                HAL_TIM_PeriodElapsedCallback
 .text.HAL_UART_RxCpltCallback
                0x08001290       0x1c build/Core/Src/main.o
                0x08001290                HAL_UART_RxCpltCallback
 .text.MPU6050_ReadRaw.part.0.isra.0
                0x080012ac       0x94 build/Core/Src/MPU6050.o
 .text.MPU6050_WriteReg
                0x08001340       0x50 build/Core/Src/MPU6050.o
                0x08001340                MPU6050_WriteReg
 .text.MPU6050_ReadReg
                0x08001390       0x48 build/Core/Src/MPU6050.o
                0x08001390                MPU6050_ReadReg
 .text.MPU6050_Init
                0x080013d8      0x118 build/Core/Src/MPU6050.o
                0x080013d8                MPU6050_Init
 .text.MPU6050_Calibrate
                0x080014f0      0x220 build/Core/Src/MPU6050.o
                0x080014f0                MPU6050_Calibrate
 .text.MPU6050_ConvertToPhysical
                0x08001710       0xf0 build/Core/Src/MPU6050.o
                0x08001710                MPU6050_ConvertToPhysical
 .text.MPU6050_ReadScaled
                0x08001800       0x3c build/Core/Src/MPU6050.o
                0x08001800                MPU6050_ReadScaled
 .text.CF_Init  0x0800183c       0x20 build/Core/Src/ComplementaryFilter.o
                0x0800183c                CF_Init
 .text.CF_Update
                0x0800185c      0x14c build/Core/Src/ComplementaryFilter.o
                0x0800185c                CF_Update
 .text.FE_ZScoreNormalize.part.0
                0x080019a8      0x100 build/Core/Src/FeatureExtractor.o
 .text.FE_Init  0x08001aa8        0xc build/Core/Src/FeatureExtractor.o
                0x08001aa8                FE_Init
 .text.FE_Push  0x08001ab4       0x58 build/Core/Src/FeatureExtractor.o
                0x08001ab4                FE_Push
 .text.FE_BuildFeatureVector
                0x08001b0c       0x74 build/Core/Src/FeatureExtractor.o
                0x08001b0c                FE_BuildFeatureVector
 .text.NN_Init  0x08001b80       0xec build/Core/Src/NeuralNetwork.o
                0x08001b80                NN_Init
 .text.NN_Forward
                0x08001c6c      0x148 build/Core/Src/NeuralNetwork.o
                0x08001c6c                NN_Forward
 .text.NN_Backward
                0x08001db4      0x16c build/Core/Src/NeuralNetwork.o
                0x08001db4                NN_Backward
 .text.NN_UpdateWeights
                0x08001f20       0xa8 build/Core/Src/NeuralNetwork.o
                0x08001f20                NN_UpdateWeights
 .text.NN_TrainStep
                0x08001fc8       0x80 build/Core/Src/NeuralNetwork.o
                0x08001fc8                NN_TrainStep
 .text.NN_Predict
                0x08002048       0x40 build/Core/Src/NeuralNetwork.o
                0x08002048                NN_Predict
 .text.NN_PrintWeightStats
                0x08002088      0x150 build/Core/Src/NeuralNetwork.o
                0x08002088                NN_PrintWeightStats
 .text.SER_SerializeWeights
                0x080021d8       0xe0 build/Core/Src/Serialization.o
                0x080021d8                SER_SerializeWeights
 .text.SER_DeserializeWeights
                0x080022b8      0x158 build/Core/Src/Serialization.o
                0x080022b8                SER_DeserializeWeights
 .text.FLC_Init
                0x08002410       0x38 build/Core/Src/FederatedClient.o
                0x08002410                FLC_Init
 .text.FLC_SubmitSample
                0x08002448      0x110 build/Core/Src/FederatedClient.o
                0x08002448                FLC_SubmitSample
 .text.FLC_DoTraining
                0x08002558      0x138 build/Core/Src/FederatedClient.o
                0x08002558                FLC_DoTraining
 .text.FLC_DoUpload
                0x08002690      0x1b0 build/Core/Src/FederatedClient.o
                0x08002690                FLC_DoUpload
 .text.FLC_TriggerUpload
                0x08002840       0x60 build/Core/Src/FederatedClient.o
                0x08002840                FLC_TriggerUpload
 .text.FLC_Reset
                0x080028a0       0x60 build/Core/Src/FederatedClient.o
                0x080028a0                FLC_Reset
 .text.FLC_PrintStatus
                0x08002900       0x70 build/Core/Src/FederatedClient.o
                0x08002900                FLC_PrintStatus
 .text.FLC_DoDownload
                0x08002970      0x120 build/Core/Src/FederatedClient.o
                0x08002970                FLC_DoDownload
 .text.FLC_Tick
                0x08002a90       0xb0 build/Core/Src/FederatedClient.o
                0x08002a90                FLC_Tick
 .text.Utils_LogWrite
                0x08002b40       0x10 build/Core/Src/Utils.o
                0x08002b40                Utils_LogWrite
 .text.Utils_TimerInit
                0x08002b50       0x54 build/Core/Src/Utils.o
                0x08002b50                Utils_TimerInit
 .text.Utils_VecClip
                0x08002ba4       0x38 build/Core/Src/Utils.o
                0x08002ba4                Utils_VecClip
 .text.Utils_CRC16
                0x08002bdc       0x34 build/Core/Src/Utils.o
                0x08002bdc                Utils_CRC16
 .text.Utils_PrintMemoryStats
                0x08002c10      0x13c build/Core/Src/Utils.o
                0x08002c10                Utils_PrintMemoryStats
 .text.Utils_SeedRNG
                0x08002d4c       0x14 build/Core/Src/Utils.o
                0x08002d4c                Utils_SeedRNG
 .text.Utils_RandF
                0x08002d60       0x2c build/Core/Src/Utils.o
                0x08002d60                Utils_RandF
 .text.HAL_InitTick
                0x08002d8c       0x50 build/Drivers/STM32F4xx_HAL_Driver/Src/stm32f4xx_hal.o
                0x08002d8c                HAL_InitTick
 .text.HAL_Init
                0x08002ddc       0x34 build/Drivers/STM32F4xx_HAL_Driver/Src/stm32f4xx_hal.o
                0x08002ddc                HAL_Init
 .text.HAL_GetTick
                0x08002e10        0xc build/Drivers/STM32F4xx_HAL_Driver/Src/stm32f4xx_hal.o
                0x08002e10                HAL_GetTick
 .text.HAL_Delay
                0x08002e1c       0x24 build/Drivers/STM32F4xx_HAL_Driver/Src/stm32f4xx_hal.o
                0x08002e1c                HAL_Delay
 .text.HAL_NVIC_SetPriorityGrouping
                0x08002e40       0x24 build/Drivers/STM32F4xx_HAL_Driver/Src/stm32f4xx_hal_cortex.o
                0x08002e40                HAL_NVIC_SetPriorityGrouping
 .text.HAL_NVIC_SetPriority
                0x08002e64       0x64 build/Drivers/STM32F4xx_HAL_Driver/Src/stm32f4xx_hal_cortex.o
                0x08002e64                HAL_NVIC_SetPriority
 .text.HAL_NVIC_EnableIRQ
                0x08002ec8       0x1c build/Drivers/STM32F4xx_HAL_Driver/Src/stm32f4xx_hal_cortex.o
                0x08002ec8                HAL_NVIC_EnableIRQ
 .text.HAL_SYSTICK_Config
                0x08002ee4       0x2c build/Drivers/STM32F4xx_HAL_Driver/Src/stm32f4xx_hal_cortex.o
                0x08002ee4                HAL_SYSTICK_Config
 .text.HAL_RCC_OscConfig
                0x08002f10      0x3d4 build/Drivers/STM32F4xx_HAL_Driver/Src/stm32f4xx_hal_rcc.o
                0x08002f10                HAL_RCC_OscConfig
 .text.HAL_RCC_GetSysClockFreq
                0x080032e4       0x68 build/Drivers/STM32F4xx_HAL_Driver/Src/stm32f4xx_hal_rcc.o
                0x080032e4                HAL_RCC_GetSysClockFreq
 .text.HAL_RCC_ClockConfig
                0x0800334c      0x13c build/Drivers/STM32F4xx_HAL_Driver/Src/stm32f4xx_hal_rcc.o
                0x0800334c                HAL_RCC_ClockConfig
 .text.HAL_RCC_GetPCLK1Freq
                0x08003488       0x20 build/Drivers/STM32F4xx_HAL_Driver/Src/stm32f4xx_hal_rcc.o
                0x08003488                HAL_RCC_GetPCLK1Freq
 .text.HAL_RCC_GetPCLK2Freq
                0x080034a8       0x20 build/Drivers/STM32F4xx_HAL_Driver/Src/stm32f4xx_hal_rcc.o
                0x080034a8                HAL_RCC_GetPCLK2Freq
 .text.HAL_GPIO_Init
                0x080034c8      0x228 build/Drivers/STM32F4xx_HAL_Driver/Src/stm32f4xx_hal_gpio.o
                0x080034c8                HAL_GPIO_Init
 .text.HAL_GPIO_WritePin
                0x080036f0        0x8 build/Drivers/STM32F4xx_HAL_Driver/Src/stm32f4xx_hal_gpio.o
                0x080036f0                HAL_GPIO_WritePin
 .text.HAL_GPIO_TogglePin
                0x080036f8       0x14 build/Drivers/STM32F4xx_HAL_Driver/Src/stm32f4xx_hal_gpio.o
                0x080036f8                HAL_GPIO_TogglePin
 .text.UART_EndRxTransfer
                0x0800370c       0x5c build/Drivers/STM32F4xx_HAL_Driver/Src/stm32f4xx_hal_uart.o
 .text.UART_SetConfig
                0x08003768       0xd4 build/Drivers/STM32F4xx_HAL_Driver/Src/stm32f4xx_hal_uart.o
 .text.HAL_UART_MspInit
                0x0800383c        0x4 build/Drivers/STM32F4xx_HAL_Driver/Src/stm32f4xx_hal_uart.o
                0x0800383c                HAL_UART_MspInit
 .text.HAL_UART_Init
                0x08003840       0x68 build/Drivers/STM32F4xx_HAL_Driver/Src/stm32f4xx_hal_uart.o
                0x08003840                HAL_UART_Init
 .text.HAL_UART_Transmit
                0x080038a8       0xf8 build/Drivers/STM32F4xx_HAL_Driver/Src/stm32f4xx_hal_uart.o
                0x080038a8                HAL_UART_Transmit
 .text.HAL_UART_Receive
                0x080039a0      0x114 build/Drivers/STM32F4xx_HAL_Driver/Src/stm32f4xx_hal_uart.o
                0x080039a0                HAL_UART_Receive
 .text.HAL_UART_Receive_IT
                0x08003ab4       0x50 build/Drivers/STM32F4xx_HAL_Driver/Src/stm32f4xx_hal_uart.o
                0x08003ab4                HAL_UART_Receive_IT
 .text.HAL_UART_TxCpltCallback
                0x08003b04        0x4 build/Drivers/STM32F4xx_HAL_Driver/Src/stm32f4xx_hal_uart.o
                0x08003b04                HAL_UART_TxCpltCallback
 .text.HAL_UART_ErrorCallback
                0x08003b08        0x4 build/Drivers/STM32F4xx_HAL_Driver/Src/stm32f4xx_hal_uart.o
                0x08003b08                HAL_UART_ErrorCallback
 .text.UART_DMAAbortOnError
                0x08003b0c       0x10 build/Drivers/STM32F4xx_HAL_Driver/Src/stm32f4xx_hal_uart.o
 .text.HAL_UARTEx_RxEventCallback
                0x08003b1c        0x4 build/Drivers/STM32F4xx_HAL_Driver/Src/stm32f4xx_hal_uart.o
                0x08003b1c                HAL_UARTEx_RxEventCallback
 .text.UART_Receive_IT.isra.0
                0x08003b20       0xc4 build/Drivers/STM32F4xx_HAL_Driver/Src/stm32f4xx_hal_uart.o
 .text.HAL_UART_IRQHandler
                0x08003be4      0x394 build/Drivers/STM32F4xx_HAL_Driver/Src/stm32f4xx_hal_uart.o
                0x08003be4                HAL_UART_IRQHandler
 .text.I2C_WaitOnFlagUntilTimeout
                0x08003f78       0xb0 build/Drivers/STM32F4xx_HAL_Driver/Src/stm32f4xx_hal_i2c.o
 .text.I2C_WaitOnMasterAddressFlagUntilTimeout
                0x08004028       0xbc build/Drivers/STM32F4xx_HAL_Driver/Src/stm32f4xx_hal_i2c.o
 .text.I2C_WaitOnRXNEFlagUntilTimeout
                0x080040e4       0x70 build/Drivers/STM32F4xx_HAL_Driver/Src/stm32f4xx_hal_i2c.o
 .text.I2C_WaitOnTXEFlagUntilTimeout
                0x08004154       0x88 build/Drivers/STM32F4xx_HAL_Driver/Src/stm32f4xx_hal_i2c.o
 .text.I2C_WaitOnBTFFlagUntilTimeout
                0x080041dc       0x88 build/Drivers/STM32F4xx_HAL_Driver/Src/stm32f4xx_hal_i2c.o
 .text.I2C_RequestMemoryWrite
                0x08004264       0xf4 build/Drivers/STM32F4xx_HAL_Driver/Src/stm32f4xx_hal_i2c.o
 .text.I2C_RequestMemoryRead
                0x08004358      0x14c build/Drivers/STM32F4xx_HAL_Driver/Src/stm32f4xx_hal_i2c.o
 .text.HAL_I2C_MspInit
                0x080044a4        0x4 build/Drivers/STM32F4xx_HAL_Driver/Src/stm32f4xx_hal_i2c.o
                0x080044a4                HAL_I2C_MspInit
 .text.HAL_I2C_Init
                0x080044a8      0x18c build/Drivers/STM32F4xx_HAL_Driver/Src/stm32f4xx_hal_i2c.o
                0x080044a8                HAL_I2C_Init
 .text.HAL_I2C_Mem_Write
                0x08004634      0x13c build/Drivers/STM32F4xx_HAL_Driver/Src/stm32f4xx_hal_i2c.o
                0x08004634                HAL_I2C_Mem_Write
 .text.HAL_I2C_Mem_Read
                0x08004770      0x28c build/Drivers/STM32F4xx_HAL_Driver/Src/stm32f4xx_hal_i2c.o
                0x08004770                HAL_I2C_Mem_Read
 .text.HAL_TIM_Base_MspInit
                0x080049fc        0x4 build/Drivers/STM32F4xx_HAL_Driver/Src/stm32f4xx_hal_tim.o
                0x080049fc                HAL_TIM_Base_MspInit
 .text.HAL_TIM_Base_Start
                0x08004a00       0x6c build/Drivers/STM32F4xx_HAL_Driver/Src/stm32f4xx_hal_tim.o
                0x08004a00                HAL_TIM_Base_Start
 .text.HAL_TIM_Base_Start_IT
                0x08004a6c       0x78 build/Drivers/STM32F4xx_HAL_Driver/Src/stm32f4xx_hal_tim.o
                0x08004a6c                HAL_TIM_Base_Start_IT
 .text.HAL_TIM_OC_DelayElapsedCallback
                0x08004ae4        0x4 build/Drivers/STM32F4xx_HAL_Driver/Src/stm32f4xx_hal_tim.o
                0x08004ae4                HAL_TIM_OC_DelayElapsedCallback
 .text.HAL_TIM_IC_CaptureCallback
                0x08004ae8        0x4 build/Drivers/STM32F4xx_HAL_Driver/Src/stm32f4xx_hal_tim.o
                0x08004ae8                HAL_TIM_IC_CaptureCallback
 .text.HAL_TIM_PWM_PulseFinishedCallback
                0x08004aec        0x4 build/Drivers/STM32F4xx_HAL_Driver/Src/stm32f4xx_hal_tim.o
                0x08004aec                HAL_TIM_PWM_PulseFinishedCallback
 .text.HAL_TIM_TriggerCallback
                0x08004af0        0x4 build/Drivers/STM32F4xx_HAL_Driver/Src/stm32f4xx_hal_tim.o
                0x08004af0                HAL_TIM_TriggerCallback
 .text.HAL_TIM_IRQHandler
                0x08004af4      0x140 build/Drivers/STM32F4xx_HAL_Driver/Src/stm32f4xx_hal_tim.o
                0x08004af4                HAL_TIM_IRQHandler
 .text.TIM_Base_SetConfig
                0x08004c34       0xec build/Drivers/STM32F4xx_HAL_Driver/Src/stm32f4xx_hal_tim.o
                0x08004c34                TIM_Base_SetConfig
 .text.HAL_TIM_Base_Init
                0x08004d20       0x5c build/Drivers/STM32F4xx_HAL_Driver/Src/stm32f4xx_hal_tim.o
                0x08004d20                HAL_TIM_Base_Init
 .text.HAL_TIMEx_CommutCallback
                0x08004d7c        0x4 build/Drivers/STM32F4xx_HAL_Driver/Src/stm32f4xx_hal_tim_ex.o
                0x08004d7c                HAL_TIMEx_CommutCallback
 .text.HAL_TIMEx_BreakCallback
                0x08004d80        0x4 build/Drivers/STM32F4xx_HAL_Driver/Src/stm32f4xx_hal_tim_ex.o
                0x08004d80                HAL_TIMEx_BreakCallback
 .text.HAL_DMA_Abort
                0x08004d84       0x9c build/Drivers/STM32F4xx_HAL_Driver/Src/stm32f4xx_hal_dma.o
                0x08004d84                HAL_DMA_Abort
 .text.HAL_DMA_Abort_IT
                0x08004e20       0x24 build/Drivers/STM32F4xx_HAL_Driver/Src/stm32f4xx_hal_dma.o
                0x08004e20                HAL_DMA_Abort_IT
 .text.HAL_MspInit
                0x08004e44       0x38 build/Core/Src/stm32f4xx_hal_msp.o
                0x08004e44                HAL_MspInit
 .text.NMI_Handler
                0x08004e7c        0x4 build/Core/Src/stm32f4xx_it.o
                0x08004e7c                NMI_Handler
 .text.HardFault_Handler
                0x08004e80        0x4 build/Core/Src/stm32f4xx_it.o
                0x08004e80                HardFault_Handler
 .text.MemManage_Handler
                0x08004e84        0x4 build/Core/Src/stm32f4xx_it.o
                0x08004e84                MemManage_Handler
 .text.BusFault_Handler
                0x08004e88        0x4 build/Core/Src/stm32f4xx_it.o
                0x08004e88                BusFault_Handler
 .text.UsageFault_Handler
                0x08004e8c        0x4 build/Core/Src/stm32f4xx_it.o
                0x08004e8c                UsageFault_Handler
 .text.SVC_Handler
                0x08004e90        0x4 build/Core/Src/stm32f4xx_it.o
                0x08004e90                SVC_Handler
 .text.DebugMon_Handler
                0x08004e94        0x4 build/Core/Src/stm32f4xx_it.o
                0x08004e94                DebugMon_Handler
 .text.PendSV_Handler
                0x08004e98        0x4 build/Core/Src/stm32f4xx_it.o
                0x08004e98                PendSV_Handler
 .text.SysTick_Handler
                0x08004e9c        0x4 build/Core/Src/stm32f4xx_it.o
                0x08004e9c                SysTick_Handler
 .text.TIM3_IRQHandler
                0x08004ea0        0xc build/Core/Src/stm32f4xx_it.o
                0x08004ea0                TIM3_IRQHandler
 .text.USART1_IRQHandler
                0x08004eac        0xc build/Core/Src/stm32f4xx_it.o
                0x08004eac                USART1_IRQHandler
 .text.SystemInit
                0x08004eb8       0x14 build/Core/Src/system_stm32f4xx.o
                0x08004eb8                SystemInit
 .text.Reset_Handler
                0x08004ecc       0x50 build/startup_stm32f405xx.o
                0x08004ecc                Reset_Handler
 .text.Default_Handler
                0x08004f1c        0x2 build/startup_stm32f405xx.o
                0x08004f1c                RTC_Alarm_IRQHandler
                0x08004f1c                HASH_RNG_IRQHandler
                0x08004f1c                EXTI2_IRQHandler
                0x08004f1c                TIM8_CC_IRQHandler
                0x08004f1c                TIM1_CC_IRQHandler
                0x08004f1c                DMA2_Stream5_IRQHandler
                0x08004f1c                DMA1_Stream5_IRQHandler
                0x08004f1c                PVD_IRQHandler
                0x08004f1c                SDIO_IRQHandler
                0x08004f1c                TAMP_STAMP_IRQHandler
                0x08004f1c                CAN2_RX1_IRQHandler
                0x08004f1c                EXTI3_IRQHandler
                0x08004f1c                TIM8_TRG_COM_TIM14_IRQHandler
                0x08004f1c                TIM1_UP_TIM10_IRQHandler
                0x08004f1c                TIM8_UP_TIM13_IRQHandler
                0x08004f1c                I2C3_ER_IRQHandler
                0x08004f1c                EXTI0_IRQHandler
                0x08004f1c                I2C2_EV_IRQHandler
                0x08004f1c                DMA1_Stream2_IRQHandler
                0x08004f1c                CAN1_RX0_IRQHandler
                0x08004f1c                FPU_IRQHandler
                0x08004f1c                OTG_HS_WKUP_IRQHandler
                0x08004f1c                CAN2_SCE_IRQHandler
                0x08004f1c                DMA2_Stream2_IRQHandler
                0x08004f1c                SPI1_IRQHandler
                0x08004f1c                TIM6_DAC_IRQHandler
                0x08004f1c                TIM1_BRK_TIM9_IRQHandler
                0x08004f1c                CAN2_RX0_IRQHandler
                0x08004f1c                DMA2_Stream3_IRQHandler
                0x08004f1c                USART6_IRQHandler
                0x08004f1c                USART3_IRQHandler
                0x08004f1c                CAN1_RX1_IRQHandler
                0x08004f1c                UART5_IRQHandler
                0x08004f1c                DMA2_Stream0_IRQHandler
                0x08004f1c                TIM4_IRQHandler
                0x08004f1c                I2C1_EV_IRQHandler
                0x08004f1c                DMA1_Stream6_IRQHandler
                0x08004f1c                DMA1_Stream1_IRQHandler
                0x08004f1c                UART4_IRQHandler
                0x08004f1c                RCC_IRQHandler
                0x08004f1c                TIM8_BRK_TIM12_IRQHandler
                0x08004f1c                Default_Handler
                0x08004f1c                EXTI15_10_IRQHandler
                0x08004f1c                ADC_IRQHandler
                0x08004f1c                DMA1_Stream7_IRQHandler
                0x08004f1c                TIM7_IRQHandler
                0x08004f1c                CAN2_TX_IRQHandler
                0x08004f1c                TIM5_IRQHandler
                0x08004f1c                DMA2_Stream7_IRQHandler
                0x08004f1c                I2C3_EV_IRQHandler
                0x08004f1c                EXTI9_5_IRQHandler
                0x08004f1c                RTC_WKUP_IRQHandler
                0x08004f1c                SPI2_IRQHandler
                0x08004f1c                OTG_HS_EP1_IN_IRQHandler
                0x08004f1c                DMA1_Stream0_IRQHandler
                0x08004f1c                CAN1_TX_IRQHandler
                0x08004f1c                EXTI4_IRQHandler
                0x08004f1c                FSMC_IRQHandler
                0x08004f1c                OTG_HS_EP1_OUT_IRQHandler
                0x08004f1c                WWDG_IRQHandler
                0x08004f1c                TIM2_IRQHandler
                0x08004f1c                OTG_FS_WKUP_IRQHandler
                0x08004f1c                TIM1_TRG_COM_TIM11_IRQHandler
                0x08004f1c                OTG_HS_IRQHandler
                0x08004f1c                EXTI1_IRQHandler
                0x08004f1c                USART2_IRQHandler
                0x08004f1c                I2C2_ER_IRQHandler
                0x08004f1c                DMA2_Stream1_IRQHandler
                0x08004f1c                CAN1_SCE_IRQHandler
                0x08004f1c                FLASH_IRQHandler
                0x08004f1c                DMA2_Stream4_IRQHandler
                0x08004f1c                OTG_FS_IRQHandler
                0x08004f1c                SPI3_IRQHandler
                0x08004f1c                DMA1_Stream4_IRQHandler
                0x08004f1c                I2C1_ER_IRQHandler
                0x08004f1c                DMA2_Stream6_IRQHandler
                0x08004f1c                DMA1_Stream3_IRQHandler
 *fill*         0x08004f1e        0x2 
 .text.atan2f   0x08004f20        0x4 /opt/arm-gnu-toolchain-15.2.rel1-x86_64-arm-none-eabi/bin/../lib/gcc/arm-none-eabi/15.2.1/../../../../arm-none-eabi/lib/thumb/v7e-m+fp/hard/libm.a(libm_a-wf_atan2.o)
                0x08004f20                atan2f
 .text.expf     0x08004f24       0x78 /opt/arm-gnu-toolchain-15.2.rel1-x86_64-arm-none-eabi/bin/../lib/gcc/arm-none-eabi/15.2.1/../../../../arm-none-eabi/lib/thumb/v7e-m+fp/hard/libm.a(libm_a-wf_exp.o)
                0x08004f24                expf
 .text.logf     0x08004f9c       0x60 /opt/arm-gnu-toolchain-15.2.rel1-x86_64-arm-none-eabi/bin/../lib/gcc/arm-none-eabi/15.2.1/../../../../arm-none-eabi/lib/thumb/v7e-m+fp/hard/libm.a(libm_a-wf_log.o)
                0x08004f9c                logf
 .text.sqrtf    0x08004ffc       0x50 /opt/arm-gnu-toolchain-15.2.rel1-x86_64-arm-none-eabi/bin/../lib/gcc/arm-none-eabi/15.2.1/../../../../arm-none-eabi/lib/thumb/v7e-m+fp/hard/libm.a(libm_a-wf_sqrt.o)
                0x08004ffc                sqrtf
 .text.finitef  0x0800504c       0x14 /opt/arm-gnu-toolchain-15.2.rel1-x86_64-arm-none-eabi/bin/../lib/gcc/arm-none-eabi/15.2.1/../../../../arm-none-eabi/lib/thumb/v7e-m+fp/hard/libm.a(libm_a-sf_finite.o)
                0x0800504c                finitef
 .text.nanf     0x08005060        0xc /opt/arm-gnu-toolchain-15.2.rel1-x86_64-arm-none-eabi/bin/../lib/gcc/arm-none-eabi/15.2.1/../../../../arm-none-eabi/lib/thumb/v7e-m+fp/hard/libm.a(libm_a-sf_nan.o)
                0x08005060                nanf
 .text.__ieee754_sqrtf
                0x0800506c        0x8 /opt/arm-gnu-toolchain-15.2.rel1-x86_64-arm-none-eabi/bin/../lib/gcc/arm-none-eabi/15.2.1/../../../../arm-none-eabi/lib/thumb/v7e-m+fp/hard/libm.a(libm_a-ef_sqrt.o)
                0x0800506c                __ieee754_sqrtf
 .text.__ieee754_atan2f
                0x08005074      0x144 /opt/arm-gnu-toolchain-15.2.rel1-x86_64-arm-none-eabi/bin/../lib/gcc/arm-none-eabi/15.2.1/../../../../arm-none-eabi/lib/thumb/v7e-m+fp/hard/libm.a(libm_a-ef_atan2.o)
                0x08005074                __ieee754_atan2f
 .text.__ieee754_expf
                0x080051b8      0x1e8 /opt/arm-gnu-toolchain-15.2.rel1-x86_64-arm-none-eabi/bin/../lib/gcc/arm-none-eabi/15.2.1/../../../../arm-none-eabi/lib/thumb/v7e-m+fp/hard/libm.a(libm_a-ef_exp.o)
                0x080051b8                __ieee754_expf
 .text.__ieee754_logf
                0x080053a0      0x1f4 /opt/arm-gnu-toolchain-15.2.rel1-x86_64-arm-none-eabi/bin/../lib/gcc/arm-none-eabi/15.2.1/../../../../arm-none-eabi/lib/thumb/v7e-m+fp/hard/libm.a(libm_a-ef_log.o)
                0x080053a0                __ieee754_logf
 .text.atanf    0x08005594      0x1b8 /opt/arm-gnu-toolchain-15.2.rel1-x86_64-arm-none-eabi/bin/../lib/gcc/arm-none-eabi/15.2.1/../../../../arm-none-eabi/lib/thumb/v7e-m+fp/hard/libm.a(libm_a-sf_atan.o)
                0x08005594                atanf
 .text.fabsf    0x0800574c       0x10 /opt/arm-gnu-toolchain-15.2.rel1-x86_64-arm-none-eabi/bin/../lib/gcc/arm-none-eabi/15.2.1/../../../../arm-none-eabi/lib/thumb/v7e-m+fp/hard/libm.a(libm_a-sf_fabs.o)
                0x0800574c                fabsf
 .text.with_errnof
                0x0800575c       0x18 /opt/arm-gnu-toolchain-15.2.rel1-x86_64-arm-none-eabi/bin/../lib/gcc/arm-none-eabi/15.2.1/../../../../arm-none-eabi/lib/thumb/v7e-m+fp/hard/libm.a(libm_a-math_errf.o)
 .text.xflowf   0x08005774       0x20 /opt/arm-gnu-toolchain-15.2.rel1-x86_64-arm-none-eabi/bin/../lib/gcc/arm-none-eabi/15.2.1/../../../../arm-none-eabi/lib/thumb/v7e-m+fp/hard/libm.a(libm_a-math_errf.o)
 .text.__math_uflowf
                0x08005794        0xc /opt/arm-gnu-toolchain-15.2.rel1-x86_64-arm-none-eabi/bin/../lib/gcc/arm-none-eabi/15.2.1/../../../../arm-none-eabi/lib/thumb/v7e-m+fp/hard/libm.a(libm_a-math_errf.o)
                0x08005794                __math_uflowf
 .text.__math_oflowf
                0x080057a0        0xc /opt/arm-gnu-toolchain-15.2.rel1-x86_64-arm-none-eabi/bin/../lib/gcc/arm-none-eabi/15.2.1/../../../../arm-none-eabi/lib/thumb/v7e-m+fp/hard/libm.a(libm_a-math_errf.o)
                0x080057a0                __math_oflowf
 .text.snprintf
                0x080057ac       0x64 /opt/arm-gnu-toolchain-15.2.rel1-x86_64-arm-none-eabi/bin/../lib/gcc/arm-none-eabi/15.2.1/../../../../arm-none-eabi/lib/thumb/v7e-m+fp/hard/libc_nano.a(libc_a-snprintf.o)
                0x080057ac                snprintf
                0x080057ac                sniprintf
 .text.memset   0x08005810       0x10 /opt/arm-gnu-toolchain-15.2.rel1-x86_64-arm-none-eabi/bin/../lib/gcc/arm-none-eabi/15.2.1/../../../../arm-none-eabi/lib/thumb/v7e-m+fp/hard/libc_nano.a(libc_a-memset.o)
                0x08005810                memset
 .text.__errno  0x08005820        0xc /opt/arm-gnu-toolchain-15.2.rel1-x86_64-arm-none-eabi/bin/../lib/gcc/arm-none-eabi/15.2.1/../../../../arm-none-eabi/lib/thumb/v7e-m+fp/hard/libc_nano.a(libc_a-errno.o)
                0x08005820                __errno
 .text.__libc_init_array
                0x0800582c       0x48 /opt/arm-gnu-toolchain-15.2.rel1-x86_64-arm-none-eabi/bin/../lib/gcc/arm-none-eabi/15.2.1/../../../../arm-none-eabi/lib/thumb/v7e-m+fp/hard/libc_nano.a(libc_a-init.o)
                0x0800582c                __libc_init_array
 .text.__retarget_lock_acquire_recursive
                0x08005874        0x2 /opt/arm-gnu-toolchain-15.2.rel1-x86_64-arm-none-eabi/bin/../lib/gcc/arm-none-eabi/15.2.1/../../../../arm-none-eabi/lib/thumb/v7e-m+fp/hard/libc_nano.a(libc_a-lock.o)
                0x08005874                __retarget_lock_acquire_recursive
 .text.__retarget_lock_release_recursive
                0x08005876        0x2 /opt/arm-gnu-toolchain-15.2.rel1-x86_64-arm-none-eabi/bin/../lib/gcc/arm-none-eabi/15.2.1/../../../../arm-none-eabi/lib/thumb/v7e-m+fp/hard/libc_nano.a(libc_a-lock.o)
                0x08005876                __retarget_lock_release_recursive
 .text.memcpy   0x08005878       0x1c /opt/arm-gnu-toolchain-15.2.rel1-x86_64-arm-none-eabi/bin/../lib/gcc/arm-none-eabi/15.2.1/../../../../arm-none-eabi/lib/thumb/v7e-m+fp/hard/libc_nano.a(libc_a-memcpy-stub.o)
                0x08005878                memcpy
 .text._free_r  0x08005894       0x98 /opt/arm-gnu-toolchain-15.2.rel1-x86_64-arm-none-eabi/bin/../lib/gcc/arm-none-eabi/15.2.1/../../../../arm-none-eabi/lib/thumb/v7e-m+fp/hard/libc_nano.a(libc_a-freer.o)
                0x08005894                _free_r
 .text.sbrk_aligned
                0x0800592c       0x44 /opt/arm-gnu-toolchain-15.2.rel1-x86_64-arm-none-eabi/bin/../lib/gcc/arm-none-eabi/15.2.1/../../../../arm-none-eabi/lib/thumb/v7e-m+fp/hard/libc_nano.a(libc_a-mallocr.o)
 .text._malloc_r
                0x08005970       0xf8 /opt/arm-gnu-toolchain-15.2.rel1-x86_64-arm-none-eabi/bin/../lib/gcc/arm-none-eabi/15.2.1/../../../../arm-none-eabi/lib/thumb/v7e-m+fp/hard/libc_nano.a(libc_a-mallocr.o)
                0x08005970                _malloc_r
 .text.__malloc_lock
                0x08005a68        0xc /opt/arm-gnu-toolchain-15.2.rel1-x86_64-arm-none-eabi/bin/../lib/gcc/arm-none-eabi/15.2.1/../../../../arm-none-eabi/lib/thumb/v7e-m+fp/hard/libc_nano.a(libc_a-mlock.o)
                0x08005a68                __malloc_lock
 .text.__malloc_unlock
                0x08005a74        0xc /opt/arm-gnu-toolchain-15.2.rel1-x86_64-arm-none-eabi/bin/../lib/gcc/arm-none-eabi/15.2.1/../../../../arm-none-eabi/lib/thumb/v7e-m+fp/hard/libc_nano.a(libc_a-mlock.o)
                0x08005a74                __malloc_unlock
 .text.__ssputs_r
                0x08005a80       0xc0 /opt/arm-gnu-toolchain-15.2.rel1-x86_64-arm-none-eabi/bin/../lib/gcc/arm-none-eabi/15.2.1/../../../../arm-none-eabi/lib/thumb/v7e-m+fp/hard/libc_nano.a(libc_a-nano-svfprintf.o)
                0x08005a80                __ssputs_r
 .text._svfprintf_r
                0x08005b40      0x1f0 /opt/arm-gnu-toolchain-15.2.rel1-x86_64-arm-none-eabi/bin/../lib/gcc/arm-none-eabi/15.2.1/../../../../arm-none-eabi/lib/thumb/v7e-m+fp/hard/libc_nano.a(libc_a-nano-svfprintf.o)
                0x08005b40                _svfprintf_r
                0x08005b40                _svfiprintf_r
 .text._printf_common
                0x08005d30       0xea /opt/arm-gnu-toolchain-15.2.rel1-x86_64-arm-none-eabi/bin/../lib/gcc/arm-none-eabi/15.2.1/../../../../arm-none-eabi/lib/thumb/v7e-m+fp/hard/libc_nano.a(libc_a-nano-vfprintf_i.o)
                0x08005d30                _printf_common
 *fill*         0x08005e1a        0x2 
 .text._printf_i
                0x08005e1c      0x254 /opt/arm-gnu-toolchain-15.2.rel1-x86_64-arm-none-eabi/bin/../lib/gcc/arm-none-eabi/15.2.1/../../../../arm-none-eabi/lib/thumb/v7e-m+fp/hard/libc_nano.a(libc_a-nano-vfprintf_i.o)
                0x08005e1c                _printf_i
 .text.memmove  0x08006070       0x32 /opt/arm-gnu-toolchain-15.2.rel1-x86_64-arm-none-eabi/bin/../lib/gcc/arm-none-eabi/15.2.1/../../../../arm-none-eabi/lib/thumb/v7e-m+fp/hard/libc_nano.a(libc_a-memmove.o)
                0x08006070                memmove
 *fill*         0x080060a2        0x2 
 .text._sbrk_r  0x080060a4       0x20 /opt/arm-gnu-toolchain-15.2.rel1-x86_64-arm-none-eabi/bin/../lib/gcc/arm-none-eabi/15.2.1/../../../../arm-none-eabi/lib/thumb/v7e-m+fp/hard/libc_nano.a(libc_a-sbrkr.o)
                0x080060a4                _sbrk_r
 .text._realloc_r
                0x080060c4       0x5c /opt/arm-gnu-toolchain-15.2.rel1-x86_64-arm-none-eabi/bin/../lib/gcc/arm-none-eabi/15.2.1/../../../../arm-none-eabi/lib/thumb/v7e-m+fp/hard/libc_nano.a(libc_a-reallocr.o)
                0x080060c4                _realloc_r
 .text._malloc_usable_size_r
                0x08006120       0x10 /opt/arm-gnu-toolchain-15.2.rel1-x86_64-arm-none-eabi/bin/../lib/gcc/arm-none-eabi/15.2.1/../../../../arm-none-eabi/lib/thumb/v7e-m+fp/hard/libc_nano.a(libc_a-msizer.o)
                0x08006120                _malloc_usable_size_r
 .text.__udivmoddi4
                0x08006130      0x320 /opt/arm-gnu-toolchain-15.2.rel1-x86_64-arm-none-eabi/bin/../lib/gcc/arm-none-eabi/15.2.1/thumb/v7e-m+fp/hard/libgcc.a(_udivmoddi4.o)
                0x08006130                __udivmoddi4
 .text._sbrk    0x08006450       0x1c /opt/arm-gnu-toolchain-15.2.rel1-x86_64-arm-none-eabi/bin/../lib/gcc/arm-none-eabi/15.2.1/../../../../arm-none-eabi/lib/thumb/v7e-m+fp/hard/libnosys.a(sbrk.o)
                0x08006450                _sbrk
 *(.glue_7)
 .glue_7        0x0800646c        0x0 linker stubs
 *(.glue_7t)
 .glue_7t       0x0800646c        0x0 linker stubs
 *(.eh_frame)
 .eh_frame      0x0800646c        0x0 /opt/arm-gnu-toolchain-15.2.rel1-x86_64-arm-none-eabi/bin/../lib/gcc/arm-none-eabi/15.2.1/thumb/v7e-m+fp/hard/crtbegin.o
 *(.init)
 .init          0x0800646c        0x4 /opt/arm-gnu-toolchain-15.2.rel1-x86_64-arm-none-eabi/bin/../lib/gcc/arm-none-eabi/15.2.1/thumb/v7e-m+fp/hard/crti.o
                0x0800646c                _init
 .init          0x08006470        0x8 /opt/arm-gnu-toolchain-15.2.rel1-x86_64-arm-none-eabi/bin/../lib/gcc/arm-none-eabi/15.2.1/thumb/v7e-m+fp/hard/crtn.o
 *(.fini)
 .fini          0x08006478        0x4 /opt/arm-gnu-toolchain-15.2.rel1-x86_64-arm-none-eabi/bin/../lib/gcc/arm-none-eabi/15.2.1/thumb/v7e-m+fp/hard/crti.o
                0x08006478                _fini
 .fini          0x0800647c        0x8 /opt/arm-gnu-toolchain-15.2.rel1-x86_64-arm-none-eabi/bin/../lib/gcc/arm-none-eabi/15.2.1/thumb/v7e-m+fp/hard/crtn.o
                0x08006484                        . = ALIGN (0x4)
                0x08006484                        _etext = .

.vfp11_veneer   0x08006484        0x0
 .vfp11_veneer  0x08006484        0x0 linker stubs

.v4_bx          0x08006484        0x0
 .v4_bx         0x08006484        0x0 linker stubs

.iplt           0x08006484        0x0
 .iplt          0x08006484        0x0 /opt/arm-gnu-toolchain-15.2.rel1-x86_64-arm-none-eabi/bin/../lib/gcc/arm-none-eabi/15.2.1/thumb/v7e-m+fp/hard/crtbegin.o

.rodata         0x08006484      0xf9c
                0x08006484                        . = ALIGN (0x4)
 *(.rodata)
 .rodata        0x08006484      0x200 build/Core/Src/Utils.o
 *(.rodata*)
 .rodata.main.str1.4
                0x08006684      0xce5 build/Core/Src/main.o
                                0x2b0 (size before relaxing)
 .rodata.MPU6050_ReadRaw.part.0.isra.0.str1.4
                0x08007369        0x0 build/Core/Src/MPU6050.o
                                 0x2a (size before relaxing)
 .rodata.MPU6050_WriteReg.str1.4
                0x08007369        0x0 build/Core/Src/MPU6050.o
                                 0x2f (size before relaxing)
 .rodata.MPU6050_ReadReg.str1.4
                0x08007369        0x0 build/Core/Src/MPU6050.o
                                 0x2e (size before relaxing)
 .rodata.MPU6050_Init.str1.4
                0x08007369        0x0 build/Core/Src/MPU6050.o
                                 0xaa (size before relaxing)
 .rodata.MPU6050_Calibrate.str1.4
                0x08007369        0x0 build/Core/Src/MPU6050.o
                                 0x90 (size before relaxing)
 .rodata.NN_Init.str1.4
                0x08007369        0x0 build/Core/Src/NeuralNetwork.o
                                 0x3e (size before relaxing)
 .rodata.NN_PrintWeightStats.str1.4
                0x08007369        0x0 build/Core/Src/NeuralNetwork.o
                                 0xaa (size before relaxing)
 .rodata.SER_SerializeWeights.str1.4
                0x08007369        0x0 build/Core/Src/Serialization.o
                                 0x68 (size before relaxing)
 .rodata.SER_DeserializeWeights.str1.4
                0x08007369        0x0 build/Core/Src/Serialization.o
                                0x11e (size before relaxing)
 .rodata.FLC_StateStr.str1.4
                0x08007369        0x0 build/Core/Src/FederatedClient.o
                                  0x8 (size before relaxing)
 .rodata.FLC_Init.str1.4
                0x08007369        0x0 build/Core/Src/FederatedClient.o
                                 0x33 (size before relaxing)
 .rodata.FLC_SubmitSample.str1.4
                0x08007369        0x0 build/Core/Src/FederatedClient.o
                                 0x87 (size before relaxing)
 .rodata.FLC_DoTraining.str1.4
                0x08007369        0x0 build/Core/Src/FederatedClient.o
                                 0xcb (size before relaxing)
 .rodata.FLC_DoUpload.str1.4
                0x08007369        0x0 build/Core/Src/FederatedClient.o
                                0x143 (size before relaxing)
 .rodata.FLC_TriggerUpload.str1.4
                0x08007369        0x0 build/Core/Src/FederatedClient.o
                                 0x24 (size before relaxing)
 .rodata.FLC_Reset.str1.4
                0x08007369        0x0 build/Core/Src/FederatedClient.o
                                 0x1a (size before relaxing)
 .rodata.FLC_PrintStatus.str1.4
                0x08007369        0x0 build/Core/Src/FederatedClient.o
                                 0x46 (size before relaxing)
 .rodata.FLC_DoDownload.str1.4
                0x08007369        0x0 build/Core/Src/FederatedClient.o
                                 0xdd (size before relaxing)
 .rodata.FLC_Tick.str1.4
                0x08007369        0x0 build/Core/Src/FederatedClient.o
                                 0x4d (size before relaxing)
 .rodata.str1.4
                0x08007369        0x0 build/Core/Src/FederatedClient.o
                                 0x3e (size before relaxing)
 *fill*         0x08007369        0x3 
 .rodata.CSWTCH.2
                0x0800736c       0x18 build/Core/Src/FederatedClient.o
 .rodata.Utils_TimerInit.str1.4
                0x08007384        0x0 build/Core/Src/Utils.o
                                 0x27 (size before relaxing)
 .rodata.Utils_PrintMemoryStats.str1.4
                0x08007384        0x0 build/Core/Src/Utils.o
                                0x105 (size before relaxing)
 .rodata.APBPrescTable
                0x08007384        0x8 build/Core/Src/system_stm32f4xx.o
                0x08007384                APBPrescTable
 .rodata.AHBPrescTable
                0x0800738c       0x10 build/Core/Src/system_stm32f4xx.o
                0x0800738c                AHBPrescTable
 .rodata.logf.str1.4
                0x0800739c        0x0 /opt/arm-gnu-toolchain-15.2.rel1-x86_64-arm-none-eabi/bin/../lib/gcc/arm-none-eabi/15.2.1/../../../../arm-none-eabi/lib/thumb/v7e-m+fp/hard/libm.a(libm_a-wf_log.o)
                                  0x1 (size before relaxing)
 .rodata.CSWTCH.7
                0x0800739c        0xc /opt/arm-gnu-toolchain-15.2.rel1-x86_64-arm-none-eabi/bin/../lib/gcc/arm-none-eabi/15.2.1/../../../../arm-none-eabi/lib/thumb/v7e-m+fp/hard/libm.a(libm_a-ef_atan2.o)
 .rodata.CSWTCH.6
                0x080073a8        0xc /opt/arm-gnu-toolchain-15.2.rel1-x86_64-arm-none-eabi/bin/../lib/gcc/arm-none-eabi/15.2.1/../../../../arm-none-eabi/lib/thumb/v7e-m+fp/hard/libm.a(libm_a-ef_atan2.o)
 .rodata.ln2LO  0x080073b4        0x8 /opt/arm-gnu-toolchain-15.2.rel1-x86_64-arm-none-eabi/bin/../lib/gcc/arm-none-eabi/15.2.1/../../../../arm-none-eabi/lib/thumb/v7e-m+fp/hard/libm.a(libm_a-ef_exp.o)
 .rodata.ln2HI  0x080073bc        0x8 /opt/arm-gnu-toolchain-15.2.rel1-x86_64-arm-none-eabi/bin/../lib/gcc/arm-none-eabi/15.2.1/../../../../arm-none-eabi/lib/thumb/v7e-m+fp/hard/libm.a(libm_a-ef_exp.o)
 .rodata.halF   0x080073c4        0x8 /opt/arm-gnu-toolchain-15.2.rel1-x86_64-arm-none-eabi/bin/../lib/gcc/arm-none-eabi/15.2.1/../../../../arm-none-eabi/lib/thumb/v7e-m+fp/hard/libm.a(libm_a-ef_exp.o)
 .rodata.atanlo
                0x080073cc       0x10 /opt/arm-gnu-toolchain-15.2.rel1-x86_64-arm-none-eabi/bin/../lib/gcc/arm-none-eabi/15.2.1/../../../../arm-none-eabi/lib/thumb/v7e-m+fp/hard/libm.a(libm_a-sf_atan.o)
 .rodata.atanhi
                0x080073dc       0x10 /opt/arm-gnu-toolchain-15.2.rel1-x86_64-arm-none-eabi/bin/../lib/gcc/arm-none-eabi/15.2.1/../../../../arm-none-eabi/lib/thumb/v7e-m+fp/hard/libm.a(libm_a-sf_atan.o)
 .rodata._svfprintf_r.str1.1
                0x080073ec       0x33 /opt/arm-gnu-toolchain-15.2.rel1-x86_64-arm-none-eabi/bin/../lib/gcc/arm-none-eabi/15.2.1/../../../../arm-none-eabi/lib/thumb/v7e-m+fp/hard/libc_nano.a(libc_a-nano-svfprintf.o)
                                 0x11 (size before relaxing)
 .rodata._printf_i.str1.1
                0x0800741f        0x0 /opt/arm-gnu-toolchain-15.2.rel1-x86_64-arm-none-eabi/bin/../lib/gcc/arm-none-eabi/15.2.1/../../../../arm-none-eabi/lib/thumb/v7e-m+fp/hard/libc_nano.a(libc_a-nano-vfprintf_i.o)
                                 0x22 (size before relaxing)
                0x08007420                        . = ALIGN (0x4)
 *fill*         0x0800741f        0x1 

.ARM.extab
 *(.ARM.extab* .gnu.linkonce.armextab.*)

.ARM            0x08007420        0x8
                0x08007420                        __exidx_start = .
 *(.ARM.exidx*)
 .ARM.exidx     0x08007420        0x8 /opt/arm-gnu-toolchain-15.2.rel1-x86_64-arm-none-eabi/bin/../lib/gcc/arm-none-eabi/15.2.1/../../../../arm-none-eabi/lib/thumb/v7e-m+fp/hard/libc_nano.a(libc_a-memchr.o)
 .ARM.exidx.text.__udivmoddi4
                0x08007428        0x0 /opt/arm-gnu-toolchain-15.2.rel1-x86_64-arm-none-eabi/bin/../lib/gcc/arm-none-eabi/15.2.1/thumb/v7e-m+fp/hard/libgcc.a(_udivmoddi4.o)
                                  0x8 (size before relaxing)
                0x08007428                        __exidx_end = .

.rel.dyn        0x08007428        0x0
 .rel.iplt      0x08007428        0x0 /opt/arm-gnu-toolchain-15.2.rel1-x86_64-arm-none-eabi/bin/../lib/gcc/arm-none-eabi/15.2.1/thumb/v7e-m+fp/hard/crtbegin.o

.preinit_array  0x08007428        0x0
                0x08007428                        PROVIDE (__preinit_array_start = .)
 *(.preinit_array*)
                0x08007428                        PROVIDE (__preinit_array_end = .)

.init_array     0x08007428        0x4
                0x08007428                        PROVIDE (__init_array_start = .)
 *(SORT_BY_NAME(.init_array.*))
 *(.init_array*)
 .init_array    0x08007428        0x4 /opt/arm-gnu-toolchain-15.2.rel1-x86_64-arm-none-eabi/bin/../lib/gcc/arm-none-eabi/15.2.1/thumb/v7e-m+fp/hard/crtbegin.o
                0x0800742c                        PROVIDE (__init_array_end = .)

.fini_array     0x0800742c        0x4
                [!provide]                        PROVIDE (__fini_array_start = .)
 *(SORT_BY_NAME(.fini_array.*))
 *(.fini_array*)
 .fini_array    0x0800742c        0x4 /opt/arm-gnu-toolchain-15.2.rel1-x86_64-arm-none-eabi/bin/../lib/gcc/arm-none-eabi/15.2.1/thumb/v7e-m+fp/hard/crtbegin.o
                [!provide]                        PROVIDE (__fini_array_end = .)
                0x08007430                        _sidata = LOADADDR (.data)

.data           0x20000000       0x60 load address 0x08007430
                0x20000000                        . = ALIGN (0x4)
                0x20000000                        _sdata = .
 *(.data)
 *(.data*)
 .data._lcg_state
                0x20000000        0x4 build/Core/Src/Utils.o
 .data.uwTickFreq
                0x20000004        0x1 build/Drivers/STM32F4xx_HAL_Driver/Src/stm32f4xx_hal.o
                0x20000004                uwTickFreq
 *fill*         0x20000005        0x3 
 .data.uwTickPrio
                0x20000008        0x4 build/Drivers/STM32F4xx_HAL_Driver/Src/stm32f4xx_hal.o
                0x20000008                uwTickPrio
 .data.SystemCoreClock
                0x2000000c        0x4 build/Core/Src/system_stm32f4xx.o
                0x2000000c                SystemCoreClock
 .data._impure_ptr
                0x20000010        0x4 /opt/arm-gnu-toolchain-15.2.rel1-x86_64-arm-none-eabi/bin/../lib/gcc/arm-none-eabi/15.2.1/../../../../arm-none-eabi/lib/thumb/v7e-m+fp/hard/libc_nano.a(libc_a-impure.o)
                0x20000010                _impure_ptr
 .data._impure_data
                0x20000014       0x4c /opt/arm-gnu-toolchain-15.2.rel1-x86_64-arm-none-eabi/bin/../lib/gcc/arm-none-eabi/15.2.1/../../../../arm-none-eabi/lib/thumb/v7e-m+fp/hard/libc_nano.a(libc_a-impure.o)
                0x20000014                _impure_data
                0x20000060                        . = ALIGN (0x4)
                0x20000060                        _edata = .
                0x08007490                        _siccmram = LOADADDR (.ccmram)

.tm_clone_table
                0x20000060        0x0 load address 0x08007490
 .tm_clone_table
                0x20000060        0x0 /opt/arm-gnu-toolchain-15.2.rel1-x86_64-arm-none-eabi/bin/../lib/gcc/arm-none-eabi/15.2.1/thumb/v7e-m+fp/hard/crtbegin.o
 .tm_clone_table
                0x20000060        0x0 /opt/arm-gnu-toolchain-15.2.rel1-x86_64-arm-none-eabi/bin/../lib/gcc/arm-none-eabi/15.2.1/thumb/v7e-m+fp/hard/crtend.o

.igot.plt       0x20000060        0x0 load address 0x08007490
 .igot.plt      0x20000060        0x0 /opt/arm-gnu-toolchain-15.2.rel1-x86_64-arm-none-eabi/bin/../lib/gcc/arm-none-eabi/15.2.1/thumb/v7e-m+fp/hard/crtbegin.o

.ccmram         0x10000000        0x0 load address 0x08007490
                0x10000000                        . = ALIGN (0x4)
                0x10000000                        _sccmram = .
 *(.ccmram)
 *(.ccmram*)
                0x10000000                        . = ALIGN (0x4)
                0x10000000                        _eccmram = .

.bss            0x20000060    0x1df50
                0x20000060                        . = ALIGN (0x4)
                0x20000060                        _sbss = .
 *(.bss)
 *(.bss*)
 .bss.completed.1
                0x20000060        0x1 /opt/arm-gnu-toolchain-15.2.rel1-x86_64-arm-none-eabi/bin/../lib/gcc/arm-none-eabi/15.2.1/thumb/v7e-m+fp/hard/crtbegin.o
 *fill*         0x20000061        0x3 
 .bss.object.0  0x20000064       0x18 /opt/arm-gnu-toolchain-15.2.rel1-x86_64-arm-none-eabi/bin/../lib/gcc/arm-none-eabi/15.2.1/thumb/v7e-m+fp/hard/crtbegin.o
 .bss.s_current_label
                0x2000007c        0x1 build/Core/Src/main.o
 .bss.g_uart_rx_ready
                0x2000007d        0x1 build/Core/Src/main.o
                0x2000007d                g_uart_rx_ready
 .bss.g_uart_rx_byte
                0x2000007e        0x1 build/Core/Src/main.o
                0x2000007e                g_uart_rx_byte
 .bss.g_sample_flag
                0x2000007f        0x1 build/Core/Src/main.o
                0x2000007f                g_sample_flag
 .bss.s_feature_vec
                0x20000080      0x7d0 build/Core/Src/main.o
 .bss.s_cf_out  0x20000850       0x14 build/Core/Src/main.o
 .bss.s_imu_data
                0x20000864       0x1c build/Core/Src/main.o
 .bss.s_flc     0x20000880     0x4e48 build/Core/Src/main.o
 .bss.s_nn      0x200056c8     0xfd4c build/Core/Src/main.o
 .bss.s_fe      0x20015414      0xa0c build/Core/Src/main.o
 .bss.s_cf_state
                0x20015e20       0x14 build/Core/Src/main.o
 .bss.s_mpu     0x20015e34       0x20 build/Core/Src/main.o
 .bss.htim3     0x20015e54       0x48 build/Core/Src/main.o
                0x20015e54                htim3
 .bss.htim2     0x20015e9c       0x48 build/Core/Src/main.o
                0x20015e9c                htim2
 *fill*         0x20015ee4        0x4 
 .bss.huart2    0x20015ee8       0x48 build/Core/Src/main.o
                0x20015ee8                huart2
 .bss.huart1    0x20015f30       0x48 build/Core/Src/main.o
                0x20015f30                huart1
 .bss.hi2c1     0x20015f78       0x54 build/Core/Src/main.o
                0x20015f78                hi2c1
 .bss.ser_packet_buf
                0x20015fcc     0x7e13 build/Core/Src/Serialization.o
                0x20015fcc                ser_packet_buf
 *fill*         0x2001dddf        0x1 
 .bss._utils_log_buf
                0x2001dde0       0x80 build/Core/Src/Utils.o
                0x2001dde0                _utils_log_buf
 .bss.uwTick    0x2001de60        0x4 build/Drivers/STM32F4xx_HAL_Driver/Src/stm32f4xx_hal.o
                0x2001de60                uwTick
 .bss.__sf      0x2001de64      0x138 /opt/arm-gnu-toolchain-15.2.rel1-x86_64-arm-none-eabi/bin/../lib/gcc/arm-none-eabi/15.2.1/../../../../arm-none-eabi/lib/thumb/v7e-m+fp/hard/libc_nano.a(libc_a-findfp.o)
                0x2001de64                __sf
 .bss.errno     0x2001df9c        0x4 /opt/arm-gnu-toolchain-15.2.rel1-x86_64-arm-none-eabi/bin/../lib/gcc/arm-none-eabi/15.2.1/../../../../arm-none-eabi/lib/thumb/v7e-m+fp/hard/libc_nano.a(libc_a-reent.o)
                0x2001df9c                errno
 .bss.__lock___malloc_recursive_mutex
                0x2001dfa0        0x1 /opt/arm-gnu-toolchain-15.2.rel1-x86_64-arm-none-eabi/bin/../lib/gcc/arm-none-eabi/15.2.1/../../../../arm-none-eabi/lib/thumb/v7e-m+fp/hard/libc_nano.a(libc_a-lock.o)
                0x2001dfa0                __lock___malloc_recursive_mutex
 *fill*         0x2001dfa1        0x3 
 .bss.__malloc_sbrk_start
                0x2001dfa4        0x4 /opt/arm-gnu-toolchain-15.2.rel1-x86_64-arm-none-eabi/bin/../lib/gcc/arm-none-eabi/15.2.1/../../../../arm-none-eabi/lib/thumb/v7e-m+fp/hard/libc_nano.a(libc_a-mallocr.o)
                0x2001dfa4                __malloc_sbrk_start
 .bss.__malloc_free_list
                0x2001dfa8        0x4 /opt/arm-gnu-toolchain-15.2.rel1-x86_64-arm-none-eabi/bin/../lib/gcc/arm-none-eabi/15.2.1/../../../../arm-none-eabi/lib/thumb/v7e-m+fp/hard/libc_nano.a(libc_a-mallocr.o)
                0x2001dfa8                __malloc_free_list
 .bss.heap_end.0
                0x2001dfac        0x4 /opt/arm-gnu-toolchain-15.2.rel1-x86_64-arm-none-eabi/bin/../lib/gcc/arm-none-eabi/15.2.1/../../../../arm-none-eabi/lib/thumb/v7e-m+fp/hard/libnosys.a(sbrk.o)
 *(COMMON)
                0x2001dfb0                        . = ALIGN (0x4)
                0x2001dfb0                        _ebss = .
                0x2001dfb0                        _end = _ebss

._user_heap_stack
                0x2001dfb0      0x800
                0x2001dfb0                        . = ALIGN (0x8)
                0x2001dfb0                        PROVIDE (end = .)
                0x2001dfb0                        . = (. + _Min_Heap_Size)
                0x2001e7b0                        . = (. + _Min_Stack_Size)
 *fill*         0x2001dfb0      0x800 
                0x2001e7b0                        . = ALIGN (0x8)

/DISCARD/
 libc.a(*)
 libm.a(*)
 libgcc.a(*)

.ARM.attributes
                0x00000000       0x30
 *(.ARM.attributes)
 .ARM.attributes
                0x00000000       0x22 /opt/arm-gnu-toolchain-15.2.rel1-x86_64-arm-none-eabi/bin/../lib/gcc/arm-none-eabi/15.2.1/thumb/v7e-m+fp/hard/crti.o
 .ARM.attributes
                0x00000022       0x34 /opt/arm-gnu-toolchain-15.2.rel1-x86_64-arm-none-eabi/bin/../lib/gcc/arm-none-eabi/15.2.1/thumb/v7e-m+fp/hard/crtbegin.o
 .ARM.attributes
                0x00000056       0x34 build/Core/Src/main.o
 .ARM.attributes
                0x0000008a       0x34 build/Core/Src/MPU6050.o
 .ARM.attributes
                0x000000be       0x34 build/Core/Src/ComplementaryFilter.o
 .ARM.attributes
                0x000000f2       0x34 build/Core/Src/FeatureExtractor.o
 .ARM.attributes
                0x00000126       0x34 build/Core/Src/NeuralNetwork.o
 .ARM.attributes
                0x0000015a       0x34 build/Core/Src/Serialization.o
 .ARM.attributes
                0x0000018e       0x34 build/Core/Src/FederatedClient.o
 .ARM.attributes
                0x000001c2       0x34 build/Core/Src/Utils.o
 .ARM.attributes
                0x000001f6       0x34 build/Drivers/STM32F4xx_HAL_Driver/Src/stm32f4xx_hal.o
 .ARM.attributes
                0x0000022a       0x34 build/Drivers/STM32F4xx_HAL_Driver/Src/stm32f4xx_hal_cortex.o
 .ARM.attributes
                0x0000025e       0x34 build/Drivers/STM32F4xx_HAL_Driver/Src/stm32f4xx_hal_rcc.o
 .ARM.attributes
                0x00000292       0x34 build/Drivers/STM32F4xx_HAL_Driver/Src/stm32f4xx_hal_gpio.o
 .ARM.attributes
                0x000002c6       0x34 build/Drivers/STM32F4xx_HAL_Driver/Src/stm32f4xx_hal_uart.o
 .ARM.attributes
                0x000002fa       0x34 build/Drivers/STM32F4xx_HAL_Driver/Src/stm32f4xx_hal_i2c.o
 .ARM.attributes
                0x0000032e       0x34 build/Drivers/STM32F4xx_HAL_Driver/Src/stm32f4xx_hal_tim.o
 .ARM.attributes
                0x00000362       0x34 build/Drivers/STM32F4xx_HAL_Driver/Src/stm32f4xx_hal_tim_ex.o
 .ARM.attributes
                0x00000396       0x34 build/Drivers/STM32F4xx_HAL_Driver/Src/stm32f4xx_hal_dma.o
 .ARM.attributes
                0x000003ca       0x34 build/Core/Src/stm32f4xx_hal_msp.o
 .ARM.attributes
                0x000003fe       0x34 build/Core/Src/stm32f4xx_it.o
 .ARM.attributes
                0x00000432       0x34 build/Core/Src/system_stm32f4xx.o
 .ARM.attributes
                0x00000466       0x21 build/startup_stm32f405xx.o
 .ARM.attributes
                0x00000487       0x34 /opt/arm-gnu-toolchain-15.2.rel1-x86_64-arm-none-eabi/bin/../lib/gcc/arm-none-eabi/15.2.1/../../../../arm-none-eabi/lib/thumb/v7e-m+fp/hard/libm.a(libm_a-wf_atan2.o)
 .ARM.attributes
                0x000004bb       0x34 /opt/arm-gnu-toolchain-15.2.rel1-x86_64-arm-none-eabi/bin/../lib/gcc/arm-none-eabi/15.2.1/../../../../arm-none-eabi/lib/thumb/v7e-m+fp/hard/libm.a(libm_a-wf_exp.o)
 .ARM.attributes
                0x000004ef       0x34 /opt/arm-gnu-toolchain-15.2.rel1-x86_64-arm-none-eabi/bin/../lib/gcc/arm-none-eabi/15.2.1/../../../../arm-none-eabi/lib/thumb/v7e-m+fp/hard/libm.a(libm_a-wf_log.o)
 .ARM.attributes
                0x00000523       0x34 /opt/arm-gnu-toolchain-15.2.rel1-x86_64-arm-none-eabi/bin/../lib/gcc/arm-none-eabi/15.2.1/../../../../arm-none-eabi/lib/thumb/v7e-m+fp/hard/libm.a(libm_a-wf_sqrt.o)
 .ARM.attributes
                0x00000557       0x34 /opt/arm-gnu-toolchain-15.2.rel1-x86_64-arm-none-eabi/bin/../lib/gcc/arm-none-eabi/15.2.1/../../../../arm-none-eabi/lib/thumb/v7e-m+fp/hard/libm.a(libm_a-sf_finite.o)
 .ARM.attributes
                0x0000058b       0x34 /opt/arm-gnu-toolchain-15.2.rel1-x86_64-arm-none-eabi/bin/../lib/gcc/arm-none-eabi/15.2.1/../../../../arm-none-eabi/lib/thumb/v7e-m+fp/hard/libm.a(libm_a-sf_nan.o)
 .ARM.attributes
                0x000005bf       0x34 /opt/arm-gnu-toolchain-15.2.rel1-x86_64-arm-none-eabi/bin/../lib/gcc/arm-none-eabi/15.2.1/../../../../arm-none-eabi/lib/thumb/v7e-m+fp/hard/libm.a(libm_a-ef_sqrt.o)
 .ARM.attributes
                0x000005f3       0x34 /opt/arm-gnu-toolchain-15.2.rel1-x86_64-arm-none-eabi/bin/../lib/gcc/arm-none-eabi/15.2.1/../../../../arm-none-eabi/lib/thumb/v7e-m+fp/hard/libm.a(libm_a-ef_atan2.o)
 .ARM.attributes
                0x00000627       0x34 /opt/arm-gnu-toolchain-15.2.rel1-x86_64-arm-none-eabi/bin/../lib/gcc/arm-none-eabi/15.2.1/../../../../arm-none-eabi/lib/thumb/v7e-m+fp/hard/libm.a(libm_a-ef_exp.o)
 .ARM.attributes
                0x0000065b       0x34 /opt/arm-gnu-toolchain-15.2.rel1-x86_64-arm-none-eabi/bin/../lib/gcc/arm-none-eabi/15.2.1/../../../../arm-none-eabi/lib/thumb/v7e-m+fp/hard/libm.a(libm_a-ef_log.o)
 .ARM.attributes
                0x0000068f       0x34 /opt/arm-gnu-toolchain-15.2.rel1-x86_64-arm-none-eabi/bin/../lib/gcc/arm-none-eabi/15.2.1/../../../../arm-none-eabi/lib/thumb/v7e-m+fp/hard/libm.a(libm_a-sf_atan.o)
 .ARM.attributes
                0x000006c3       0x34 /opt/arm-gnu-toolchain-15.2.rel1-x86_64-arm-none-eabi/bin/../lib/gcc/arm-none-eabi/15.2.1/../../../../arm-none-eabi/lib/thumb/v7e-m+fp/hard/libm.a(libm_a-sf_fabs.o)
 .ARM.attributes
                0x000006f7       0x34 /opt/arm-gnu-toolchain-15.2.rel1-x86_64-arm-none-eabi/bin/../lib/gcc/arm-none-eabi/15.2.1/../../../../arm-none-eabi/lib/thumb/v7e-m+fp/hard/libm.a(libm_a-math_errf.o)
 .ARM.attributes
                0x0000072b       0x34 /opt/arm-gnu-toolchain-15.2.rel1-x86_64-arm-none-eabi/bin/../lib/gcc/arm-none-eabi/15.2.1/../../../../arm-none-eabi/lib/thumb/v7e-m+fp/hard/libc_nano.a(libc_a-findfp.o)
 .ARM.attributes
                0x0000075f       0x34 /opt/arm-gnu-toolchain-15.2.rel1-x86_64-arm-none-eabi/bin/../lib/gcc/arm-none-eabi/15.2.1/../../../../arm-none-eabi/lib/thumb/v7e-m+fp/hard/libc_nano.a(libc_a-snprintf.o)
 .ARM.attributes
                0x00000793       0x34 /opt/arm-gnu-toolchain-15.2.rel1-x86_64-arm-none-eabi/bin/../lib/gcc/arm-none-eabi/15.2.1/../../../../arm-none-eabi/lib/thumb/v7e-m+fp/hard/libc_nano.a(libc_a-memset.o)
 .ARM.attributes
                0x000007c7       0x34 /opt/arm-gnu-toolchain-15.2.rel1-x86_64-arm-none-eabi/bin/../lib/gcc/arm-none-eabi/15.2.1/../../../../arm-none-eabi/lib/thumb/v7e-m+fp/hard/libc_nano.a(libc_a-reent.o)
 .ARM.attributes
                0x000007fb       0x34 /opt/arm-gnu-toolchain-15.2.rel1-x86_64-arm-none-eabi/bin/../lib/gcc/arm-none-eabi/15.2.1/../../../../arm-none-eabi/lib/thumb/v7e-m+fp/hard/libc_nano.a(libc_a-impure.o)
 .ARM.attributes
                0x0000082f       0x34 /opt/arm-gnu-toolchain-15.2.rel1-x86_64-arm-none-eabi/bin/../lib/gcc/arm-none-eabi/15.2.1/../../../../arm-none-eabi/lib/thumb/v7e-m+fp/hard/libc_nano.a(libc_a-errno.o)
 .ARM.attributes
                0x00000863       0x34 /opt/arm-gnu-toolchain-15.2.rel1-x86_64-arm-none-eabi/bin/../lib/gcc/arm-none-eabi/15.2.1/../../../../arm-none-eabi/lib/thumb/v7e-m+fp/hard/libc_nano.a(libc_a-init.o)
 .ARM.attributes
                0x00000897       0x34 /opt/arm-gnu-toolchain-15.2.rel1-x86_64-arm-none-eabi/bin/../lib/gcc/arm-none-eabi/15.2.1/../../../../arm-none-eabi/lib/thumb/v7e-m+fp/hard/libc_nano.a(libc_a-lock.o)
 .ARM.attributes
                0x000008cb       0x34 /opt/arm-gnu-toolchain-15.2.rel1-x86_64-arm-none-eabi/bin/../lib/gcc/arm-none-eabi/15.2.1/../../../../arm-none-eabi/lib/thumb/v7e-m+fp/hard/libc_nano.a(libc_a-memcpy-stub.o)
 .ARM.attributes
                0x000008ff       0x34 /opt/arm-gnu-toolchain-15.2.rel1-x86_64-arm-none-eabi/bin/../lib/gcc/arm-none-eabi/15.2.1/../../../../arm-none-eabi/lib/thumb/v7e-m+fp/hard/libc_nano.a(libc_a-freer.o)
 .ARM.attributes
                0x00000933       0x34 /opt/arm-gnu-toolchain-15.2.rel1-x86_64-arm-none-eabi/bin/../lib/gcc/arm-none-eabi/15.2.1/../../../../arm-none-eabi/lib/thumb/v7e-m+fp/hard/libc_nano.a(libc_a-mallocr.o)
 .ARM.attributes
                0x00000967       0x34 /opt/arm-gnu-toolchain-15.2.rel1-x86_64-arm-none-eabi/bin/../lib/gcc/arm-none-eabi/15.2.1/../../../../arm-none-eabi/lib/thumb/v7e-m+fp/hard/libc_nano.a(libc_a-mlock.o)
 .ARM.attributes
                0x0000099b       0x34 /opt/arm-gnu-toolchain-15.2.rel1-x86_64-arm-none-eabi/bin/../lib/gcc/arm-none-eabi/15.2.1/../../../../arm-none-eabi/lib/thumb/v7e-m+fp/hard/libc_nano.a(libc_a-nano-svfprintf.o)
 .ARM.attributes
                0x000009cf       0x34 /opt/arm-gnu-toolchain-15.2.rel1-x86_64-arm-none-eabi/bin/../lib/gcc/arm-none-eabi/15.2.1/../../../../arm-none-eabi/lib/thumb/v7e-m+fp/hard/libc_nano.a(libc_a-nano-vfprintf_i.o)
 .ARM.attributes
                0x00000a03       0x34 /opt/arm-gnu-toolchain-15.2.rel1-x86_64-arm-none-eabi/bin/../lib/gcc/arm-none-eabi/15.2.1/../../../../arm-none-eabi/lib/thumb/v7e-m+fp/hard/libc_nano.a(libc_a-memmove.o)
 .ARM.attributes
                0x00000a37       0x34 /opt/arm-gnu-toolchain-15.2.rel1-x86_64-arm-none-eabi/bin/../lib/gcc/arm-none-eabi/15.2.1/../../../../arm-none-eabi/lib/thumb/v7e-m+fp/hard/libc_nano.a(libc_a-sbrkr.o)
 .ARM.attributes
                0x00000a6b       0x1c /opt/arm-gnu-toolchain-15.2.rel1-x86_64-arm-none-eabi/bin/../lib/gcc/arm-none-eabi/15.2.1/../../../../arm-none-eabi/lib/thumb/v7e-m+fp/hard/libc_nano.a(libc_a-memchr.o)
 .ARM.attributes
                0x00000a87       0x34 /opt/arm-gnu-toolchain-15.2.rel1-x86_64-arm-none-eabi/bin/../lib/gcc/arm-none-eabi/15.2.1/../../../../arm-none-eabi/lib/thumb/v7e-m+fp/hard/libc_nano.a(libc_a-reallocr.o)
 .ARM.attributes
                0x00000abb       0x34 /opt/arm-gnu-toolchain-15.2.rel1-x86_64-arm-none-eabi/bin/../lib/gcc/arm-none-eabi/15.2.1/../../../../arm-none-eabi/lib/thumb/v7e-m+fp/hard/libc_nano.a(libc_a-msizer.o)
 .ARM.attributes
                0x00000aef       0x22 /opt/arm-gnu-toolchain-15.2.rel1-x86_64-arm-none-eabi/bin/../lib/gcc/arm-none-eabi/15.2.1/thumb/v7e-m+fp/hard/libgcc.a(_arm_addsubdf3.o)
 .ARM.attributes
                0x00000b11       0x22 /opt/arm-gnu-toolchain-15.2.rel1-x86_64-arm-none-eabi/bin/../lib/gcc/arm-none-eabi/15.2.1/thumb/v7e-m+fp/hard/libgcc.a(_arm_muldivdf3.o)
 .ARM.attributes
                0x00000b33       0x22 /opt/arm-gnu-toolchain-15.2.rel1-x86_64-arm-none-eabi/bin/../lib/gcc/arm-none-eabi/15.2.1/thumb/v7e-m+fp/hard/libgcc.a(_arm_truncdfsf2.o)
 .ARM.attributes
                0x00000b55       0x22 /opt/arm-gnu-toolchain-15.2.rel1-x86_64-arm-none-eabi/bin/../lib/gcc/arm-none-eabi/15.2.1/thumb/v7e-m+fp/hard/libgcc.a(_aeabi_uldivmod.o)
 .ARM.attributes
                0x00000b77       0x34 /opt/arm-gnu-toolchain-15.2.rel1-x86_64-arm-none-eabi/bin/../lib/gcc/arm-none-eabi/15.2.1/thumb/v7e-m+fp/hard/libgcc.a(_udivmoddi4.o)
 .ARM.attributes
                0x00000bab       0x22 /opt/arm-gnu-toolchain-15.2.rel1-x86_64-arm-none-eabi/bin/../lib/gcc/arm-none-eabi/15.2.1/thumb/v7e-m+fp/hard/libgcc.a(_dvmd_tls.o)
 .ARM.attributes
                0x00000bcd       0x34 /opt/arm-gnu-toolchain-15.2.rel1-x86_64-arm-none-eabi/bin/../lib/gcc/arm-none-eabi/15.2.1/../../../../arm-none-eabi/lib/thumb/v7e-m+fp/hard/libnosys.a(sbrk.o)
 .ARM.attributes
                0x00000c01       0x34 /opt/arm-gnu-toolchain-15.2.rel1-x86_64-arm-none-eabi/bin/../lib/gcc/arm-none-eabi/15.2.1/thumb/v7e-m+fp/hard/crtend.o
 .ARM.attributes
                0x00000c35       0x22 /opt/arm-gnu-toolchain-15.2.rel1-x86_64-arm-none-eabi/bin/../lib/gcc/arm-none-eabi/15.2.1/thumb/v7e-m+fp/hard/crtn.o
OUTPUT(build/FedVibroSense.elf elf32-littlearm)
LOAD linker stubs
LOAD /opt/arm-gnu-toolchain-15.2.rel1-x86_64-arm-none-eabi/bin/../lib/gcc/arm-none-eabi/15.2.1/../../../../arm-none-eabi/lib/thumb/v7e-m+fp/hard/libc.a
LOAD /opt/arm-gnu-toolchain-15.2.rel1-x86_64-arm-none-eabi/bin/../lib/gcc/arm-none-eabi/15.2.1/../../../../arm-none-eabi/lib/thumb/v7e-m+fp/hard/libm.a
LOAD /opt/arm-gnu-toolchain-15.2.rel1-x86_64-arm-none-eabi/bin/../lib/gcc/arm-none-eabi/15.2.1/thumb/v7e-m+fp/hard/libgcc.a

.comment        0x00000000       0x45
 .comment       0x00000000       0x45 build/Core/Src/main.o
                                 0x46 (size before relaxing)
 .comment       0x00000045        0x0 build/Core/Src/MPU6050.o
                                 0x46 (size before relaxing)
 .comment       0x00000045        0x0 build/Core/Src/ComplementaryFilter.o
                                 0x46 (size before relaxing)
 .comment       0x00000045        0x0 build/Core/Src/FeatureExtractor.o
                                 0x46 (size before relaxing)
 .comment       0x00000045        0x0 build/Core/Src/NeuralNetwork.o
                                 0x46 (size before relaxing)
 .comment       0x00000045        0x0 build/Core/Src/Serialization.o
                                 0x46 (size before relaxing)
 .comment       0x00000045        0x0 build/Core/Src/FederatedClient.o
                                 0x46 (size before relaxing)
 .comment       0x00000045        0x0 build/Core/Src/Utils.o
                                 0x46 (size before relaxing)
 .comment       0x00000045        0x0 build/Drivers/STM32F4xx_HAL_Driver/Src/stm32f4xx_hal.o
                                 0x46 (size before relaxing)
 .comment       0x00000045        0x0 build/Drivers/STM32F4xx_HAL_Driver/Src/stm32f4xx_hal_cortex.o
                                 0x46 (size before relaxing)
 .comment       0x00000045        0x0 build/Drivers/STM32F4xx_HAL_Driver/Src/stm32f4xx_hal_rcc.o
                                 0x46 (size before relaxing)
 .comment       0x00000045        0x0 build/Drivers/STM32F4xx_HAL_Driver/Src/stm32f4xx_hal_gpio.o
                                 0x46 (size before relaxing)
 .comment       0x00000045        0x0 build/Drivers/STM32F4xx_HAL_Driver/Src/stm32f4xx_hal_uart.o
                                 0x46 (size before relaxing)
 .comment       0x00000045        0x0 build/Drivers/STM32F4xx_HAL_Driver/Src/stm32f4xx_hal_i2c.o
                                 0x46 (size before relaxing)
 .comment       0x00000045        0x0 build/Drivers/STM32F4xx_HAL_Driver/Src/stm32f4xx_hal_tim.o
                                 0x46 (size before relaxing)
 .comment       0x00000045        0x0 build/Drivers/STM32F4xx_HAL_Driver/Src/stm32f4xx_hal_tim_ex.o
                                 0x46 (size before relaxing)
 .comment       0x00000045        0x0 build/Drivers/STM32F4xx_HAL_Driver/Src/stm32f4xx_hal_dma.o
                                 0x46 (size before relaxing)
 .comment       0x00000045        0x0 build/Core/Src/stm32f4xx_hal_msp.o
                                 0x46 (size before relaxing)
 .comment       0x00000045        0x0 build/Core/Src/stm32f4xx_it.o
                                 0x46 (size before relaxing)
 .comment       0x00000045        0x0 build/Core/Src/system_stm32f4xx.o
                                 0x46 (size before relaxing)

.debug_frame    0x00000000      0xa54
 .debug_frame   0x00000000       0x20 /opt/arm-gnu-toolchain-15.2.rel1-x86_64-arm-none-eabi/bin/../lib/gcc/arm-none-eabi/15.2.1/../../../../arm-none-eabi/lib/thumb/v7e-m+fp/hard/libm.a(libm_a-wf_atan2.o)
 .debug_frame   0x00000020       0x44 /opt/arm-gnu-toolchain-15.2.rel1-x86_64-arm-none-eabi/bin/../lib/gcc/arm-none-eabi/15.2.1/../../../../arm-none-eabi/lib/thumb/v7e-m+fp/hard/libm.a(libm_a-wf_exp.o)
 .debug_frame   0x00000064       0x48 /opt/arm-gnu-toolchain-15.2.rel1-x86_64-arm-none-eabi/bin/../lib/gcc/arm-none-eabi/15.2.1/../../../../arm-none-eabi/lib/thumb/v7e-m+fp/hard/libm.a(libm_a-wf_log.o)
 .debug_frame   0x000000ac       0x48 /opt/arm-gnu-toolchain-15.2.rel1-x86_64-arm-none-eabi/bin/../lib/gcc/arm-none-eabi/15.2.1/../../../../arm-none-eabi/lib/thumb/v7e-m+fp/hard/libm.a(libm_a-wf_sqrt.o)
 .debug_frame   0x000000f4       0x20 /opt/arm-gnu-toolchain-15.2.rel1-x86_64-arm-none-eabi/bin/../lib/gcc/arm-none-eabi/15.2.1/../../../../arm-none-eabi/lib/thumb/v7e-m+fp/hard/libm.a(libm_a-sf_finite.o)
 .debug_frame   0x00000114       0x20 /opt/arm-gnu-toolchain-15.2.rel1-x86_64-arm-none-eabi/bin/../lib/gcc/arm-none-eabi/15.2.1/../../../../arm-none-eabi/lib/thumb/v7e-m+fp/hard/libm.a(libm_a-sf_nan.o)
 .debug_frame   0x00000134       0x20 /opt/arm-gnu-toolchain-15.2.rel1-x86_64-arm-none-eabi/bin/../lib/gcc/arm-none-eabi/15.2.1/../../../../arm-none-eabi/lib/thumb/v7e-m+fp/hard/libm.a(libm_a-ef_sqrt.o)
 .debug_frame   0x00000154       0x44 /opt/arm-gnu-toolchain-15.2.rel1-x86_64-arm-none-eabi/bin/../lib/gcc/arm-none-eabi/15.2.1/../../../../arm-none-eabi/lib/thumb/v7e-m+fp/hard/libm.a(libm_a-ef_atan2.o)
 .debug_frame   0x00000198       0x20 /opt/arm-gnu-toolchain-15.2.rel1-x86_64-arm-none-eabi/bin/../lib/gcc/arm-none-eabi/15.2.1/../../../../arm-none-eabi/lib/thumb/v7e-m+fp/hard/libm.a(libm_a-ef_exp.o)
 .debug_frame   0x000001b8       0x20 /opt/arm-gnu-toolchain-15.2.rel1-x86_64-arm-none-eabi/bin/../lib/gcc/arm-none-eabi/15.2.1/../../../../arm-none-eabi/lib/thumb/v7e-m+fp/hard/libm.a(libm_a-ef_log.o)
 .debug_frame   0x000001d8       0x4c /opt/arm-gnu-toolchain-15.2.rel1-x86_64-arm-none-eabi/bin/../lib/gcc/arm-none-eabi/15.2.1/../../../../arm-none-eabi/lib/thumb/v7e-m+fp/hard/libm.a(libm_a-sf_atan.o)
 .debug_frame   0x00000224       0x20 /opt/arm-gnu-toolchain-15.2.rel1-x86_64-arm-none-eabi/bin/../lib/gcc/arm-none-eabi/15.2.1/../../../../arm-none-eabi/lib/thumb/v7e-m+fp/hard/libm.a(libm_a-sf_fabs.o)
 .debug_frame   0x00000244       0x80 /opt/arm-gnu-toolchain-15.2.rel1-x86_64-arm-none-eabi/bin/../lib/gcc/arm-none-eabi/15.2.1/../../../../arm-none-eabi/lib/thumb/v7e-m+fp/hard/libm.a(libm_a-math_errf.o)
 .debug_frame   0x000002c4      0x144 /opt/arm-gnu-toolchain-15.2.rel1-x86_64-arm-none-eabi/bin/../lib/gcc/arm-none-eabi/15.2.1/../../../../arm-none-eabi/lib/thumb/v7e-m+fp/hard/libc_nano.a(libc_a-findfp.o)
 .debug_frame   0x00000408       0x7c /opt/arm-gnu-toolchain-15.2.rel1-x86_64-arm-none-eabi/bin/../lib/gcc/arm-none-eabi/15.2.1/../../../../arm-none-eabi/lib/thumb/v7e-m+fp/hard/libc_nano.a(libc_a-snprintf.o)
 .debug_frame   0x00000484       0x20 /opt/arm-gnu-toolchain-15.2.rel1-x86_64-arm-none-eabi/bin/../lib/gcc/arm-none-eabi/15.2.1/../../../../arm-none-eabi/lib/thumb/v7e-m+fp/hard/libc_nano.a(libc_a-memset.o)
 .debug_frame   0x000004a4       0x38 /opt/arm-gnu-toolchain-15.2.rel1-x86_64-arm-none-eabi/bin/../lib/gcc/arm-none-eabi/15.2.1/../../../../arm-none-eabi/lib/thumb/v7e-m+fp/hard/libc_nano.a(libc_a-reent.o)
 .debug_frame   0x000004dc       0x20 /opt/arm-gnu-toolchain-15.2.rel1-x86_64-arm-none-eabi/bin/../lib/gcc/arm-none-eabi/15.2.1/../../../../arm-none-eabi/lib/thumb/v7e-m+fp/hard/libc_nano.a(libc_a-errno.o)
 .debug_frame   0x000004fc       0x2c /opt/arm-gnu-toolchain-15.2.rel1-x86_64-arm-none-eabi/bin/../lib/gcc/arm-none-eabi/15.2.1/../../../../arm-none-eabi/lib/thumb/v7e-m+fp/hard/libc_nano.a(libc_a-init.o)
 .debug_frame   0x00000528       0xb0 /opt/arm-gnu-toolchain-15.2.rel1-x86_64-arm-none-eabi/bin/../lib/gcc/arm-none-eabi/15.2.1/../../../../arm-none-eabi/lib/thumb/v7e-m+fp/hard/libc_nano.a(libc_a-lock.o)
 .debug_frame   0x000005d8       0x28 /opt/arm-gnu-toolchain-15.2.rel1-x86_64-arm-none-eabi/bin/../lib/gcc/arm-none-eabi/15.2.1/../../../../arm-none-eabi/lib/thumb/v7e-m+fp/hard/libc_nano.a(libc_a-memcpy-stub.o)
 .debug_frame   0x00000600       0x38 /opt/arm-gnu-toolchain-15.2.rel1-x86_64-arm-none-eabi/bin/../lib/gcc/arm-none-eabi/15.2.1/../../../../arm-none-eabi/lib/thumb/v7e-m+fp/hard/libc_nano.a(libc_a-freer.o)
 .debug_frame   0x00000638       0x50 /opt/arm-gnu-toolchain-15.2.rel1-x86_64-arm-none-eabi/bin/../lib/gcc/arm-none-eabi/15.2.1/../../../../arm-none-eabi/lib/thumb/v7e-m+fp/hard/libc_nano.a(libc_a-mallocr.o)
 .debug_frame   0x00000688       0x30 /opt/arm-gnu-toolchain-15.2.rel1-x86_64-arm-none-eabi/bin/../lib/gcc/arm-none-eabi/15.2.1/../../../../arm-none-eabi/lib/thumb/v7e-m+fp/hard/libc_nano.a(libc_a-mlock.o)
 .debug_frame   0x000006b8       0x90 /opt/arm-gnu-toolchain-15.2.rel1-x86_64-arm-none-eabi/bin/../lib/gcc/arm-none-eabi/15.2.1/../../../../arm-none-eabi/lib/thumb/v7e-m+fp/hard/libc_nano.a(libc_a-nano-svfprintf.o)
 .debug_frame   0x00000748       0x60 /opt/arm-gnu-toolchain-15.2.rel1-x86_64-arm-none-eabi/bin/../lib/gcc/arm-none-eabi/15.2.1/../../../../arm-none-eabi/lib/thumb/v7e-m+fp/hard/libc_nano.a(libc_a-nano-vfprintf_i.o)
 .debug_frame   0x000007a8       0x28 /opt/arm-gnu-toolchain-15.2.rel1-x86_64-arm-none-eabi/bin/../lib/gcc/arm-none-eabi/15.2.1/../../../../arm-none-eabi/lib/thumb/v7e-m+fp/hard/libc_nano.a(libc_a-memmove.o)
 .debug_frame   0x000007d0       0x2c /opt/arm-gnu-toolchain-15.2.rel1-x86_64-arm-none-eabi/bin/../lib/gcc/arm-none-eabi/15.2.1/../../../../arm-none-eabi/lib/thumb/v7e-m+fp/hard/libc_nano.a(libc_a-sbrkr.o)
 .debug_frame   0x000007fc       0x4c /opt/arm-gnu-toolchain-15.2.rel1-x86_64-arm-none-eabi/bin/../lib/gcc/arm-none-eabi/15.2.1/../../../../arm-none-eabi/lib/thumb/v7e-m+fp/hard/libc_nano.a(libc_a-memchr.o)
 .debug_frame   0x00000848       0x3c /opt/arm-gnu-toolchain-15.2.rel1-x86_64-arm-none-eabi/bin/../lib/gcc/arm-none-eabi/15.2.1/../../../../arm-none-eabi/lib/thumb/v7e-m+fp/hard/libc_nano.a(libc_a-reallocr.o)
 .debug_frame   0x00000884       0x20 /opt/arm-gnu-toolchain-15.2.rel1-x86_64-arm-none-eabi/bin/../lib/gcc/arm-none-eabi/15.2.1/../../../../arm-none-eabi/lib/thumb/v7e-m+fp/hard/libc_nano.a(libc_a-msizer.o)
 .debug_frame   0x000008a4       0xac /opt/arm-gnu-toolchain-15.2.rel1-x86_64-arm-none-eabi/bin/../lib/gcc/arm-none-eabi/15.2.1/thumb/v7e-m+fp/hard/libgcc.a(_arm_addsubdf3.o)
 .debug_frame   0x00000950       0x50 /opt/arm-gnu-toolchain-15.2.rel1-x86_64-arm-none-eabi/bin/../lib/gcc/arm-none-eabi/15.2.1/thumb/v7e-m+fp/hard/libgcc.a(_arm_muldivdf3.o)
 .debug_frame   0x000009a0       0x24 /opt/arm-gnu-toolchain-15.2.rel1-x86_64-arm-none-eabi/bin/../lib/gcc/arm-none-eabi/15.2.1/thumb/v7e-m+fp/hard/libgcc.a(_arm_truncdfsf2.o)
 .debug_frame   0x000009c4       0x2c /opt/arm-gnu-toolchain-15.2.rel1-x86_64-arm-none-eabi/bin/../lib/gcc/arm-none-eabi/15.2.1/thumb/v7e-m+fp/hard/libgcc.a(_aeabi_uldivmod.o)
 .debug_frame   0x000009f0       0x44 /opt/arm-gnu-toolchain-15.2.rel1-x86_64-arm-none-eabi/bin/../lib/gcc/arm-none-eabi/15.2.1/thumb/v7e-m+fp/hard/libgcc.a(_udivmoddi4.o)
 .debug_frame   0x00000a34       0x20 /opt/arm-gnu-toolchain-15.2.rel1-x86_64-arm-none-eabi/bin/../lib/gcc/arm-none-eabi/15.2.1/../../../../arm-none-eabi/lib/thumb/v7e-m+fp/hard/libnosys.a(sbrk.o)

.debug_line_str
                0x00000000      0x1b5
 .debug_line_str
                0x00000000      0x1b5 /opt/arm-gnu-toolchain-15.2.rel1-x86_64-arm-none-eabi/bin/../lib/gcc/arm-none-eabi/15.2.1/../../../../arm-none-eabi/lib/thumb/v7e-m+fp/hard/libc_nano.a(libc_a-memchr.o)
                                 0xda (size before relaxing)
 .debug_line_str
                0x000001b5        0x0 /opt/arm-gnu-toolchain-15.2.rel1-x86_64-arm-none-eabi/bin/../lib/gcc/arm-none-eabi/15.2.1/thumb/v7e-m+fp/hard/libgcc.a(_arm_addsubdf3.o)
                                 0xc7 (size before relaxing)
 .debug_line_str
                0x000001b5        0x0 /opt/arm-gnu-toolchain-15.2.rel1-x86_64-arm-none-eabi/bin/../lib/gcc/arm-none-eabi/15.2.1/thumb/v7e-m+fp/hard/libgcc.a(_arm_muldivdf3.o)
                                 0xc7 (size before relaxing)
 .debug_line_str
                0x000001b5        0x0 /opt/arm-gnu-toolchain-15.2.rel1-x86_64-arm-none-eabi/bin/../lib/gcc/arm-none-eabi/15.2.1/thumb/v7e-m+fp/hard/libgcc.a(_arm_truncdfsf2.o)
                                 0xc7 (size before relaxing)
 .debug_line_str
                0x000001b5        0x0 /opt/arm-gnu-toolchain-15.2.rel1-x86_64-arm-none-eabi/bin/../lib/gcc/arm-none-eabi/15.2.1/thumb/v7e-m+fp/hard/libgcc.a(_aeabi_uldivmod.o)
                                 0xc2 (size before relaxing)
 .debug_line_str
                0x000001b5        0x0 /opt/arm-gnu-toolchain-15.2.rel1-x86_64-arm-none-eabi/bin/../lib/gcc/arm-none-eabi/15.2.1/thumb/v7e-m+fp/hard/libgcc.a(_dvmd_tls.o)
                                 0xc6 (size before relaxing)

Cross Reference Table

Symbol                                            File
ADC_IRQHandler                                    build/startup_stm32f405xx.o
AHBPrescTable                                     build/Core/Src/system_stm32f4xx.o
                                                  build/Drivers/STM32F4xx_HAL_Driver/Src/stm32f4xx_hal_rcc.o
APBPrescTable                                     build/Core/Src/system_stm32f4xx.o
                                                  build/Drivers/STM32F4xx_HAL_Driver/Src/stm32f4xx_hal_rcc.o
BusFault_Handler                                  build/Core/Src/stm32f4xx_it.o
CAN1_RX0_IRQHandler                               build/startup_stm32f405xx.o
CAN1_RX1_IRQHandler                               build/startup_stm32f405xx.o
CAN1_SCE_IRQHandler                               build/startup_stm32f405xx.o
CAN1_TX_IRQHandler                                build/startup_stm32f405xx.o
CAN2_RX0_IRQHandler                               build/startup_stm32f405xx.o
CAN2_RX1_IRQHandler                               build/startup_stm32f405xx.o
CAN2_SCE_IRQHandler                               build/startup_stm32f405xx.o
CAN2_TX_IRQHandler                                build/startup_stm32f405xx.o
CF_AccelPitch                                     build/Core/Src/ComplementaryFilter.o
CF_AccelRoll                                      build/Core/Src/ComplementaryFilter.o
CF_Init                                           build/Core/Src/ComplementaryFilter.o
                                                  build/Core/Src/main.o
CF_Reset                                          build/Core/Src/ComplementaryFilter.o
CF_Update                                         build/Core/Src/ComplementaryFilter.o
                                                  build/Core/Src/main.o
DMA1_Stream0_IRQHandler                           build/startup_stm32f405xx.o
DMA1_Stream1_IRQHandler                           build/startup_stm32f405xx.o
DMA1_Stream2_IRQHandler                           build/startup_stm32f405xx.o
DMA1_Stream3_IRQHandler                           build/startup_stm32f405xx.o
DMA1_Stream4_IRQHandler                           build/startup_stm32f405xx.o
DMA1_Stream5_IRQHandler                           build/startup_stm32f405xx.o
DMA1_Stream6_IRQHandler                           build/startup_stm32f405xx.o
DMA1_Stream7_IRQHandler                           build/startup_stm32f405xx.o
DMA2_Stream0_IRQHandler                           build/startup_stm32f405xx.o
DMA2_Stream1_IRQHandler                           build/startup_stm32f405xx.o
DMA2_Stream2_IRQHandler                           build/startup_stm32f405xx.o
DMA2_Stream3_IRQHandler                           build/startup_stm32f405xx.o
DMA2_Stream4_IRQHandler                           build/startup_stm32f405xx.o
DMA2_Stream5_IRQHandler                           build/startup_stm32f405xx.o
DMA2_Stream6_IRQHandler                           build/startup_stm32f405xx.o
DMA2_Stream7_IRQHandler                           build/startup_stm32f405xx.o
DebugMon_Handler                                  build/Core/Src/stm32f4xx_it.o
Default_Handler                                   build/startup_stm32f405xx.o
EXTI0_IRQHandler                                  build/startup_stm32f405xx.o
EXTI15_10_IRQHandler                              build/startup_stm32f405xx.o
EXTI1_IRQHandler                                  build/startup_stm32f405xx.o
EXTI2_IRQHandler                                  build/startup_stm32f405xx.o
EXTI3_IRQHandler                                  build/startup_stm32f405xx.o
EXTI4_IRQHandler                                  build/startup_stm32f405xx.o
EXTI9_5_IRQHandler                                build/startup_stm32f405xx.o
FE_BuildFeatureVector                             build/Core/Src/FeatureExtractor.o
                                                  build/Core/Src/main.o
FE_Init                                           build/Core/Src/FeatureExtractor.o
                                                  build/Core/Src/main.o
FE_Push                                           build/Core/Src/FeatureExtractor.o
                                                  build/Core/Src/main.o
FE_ZScoreNormalize                                build/Core/Src/FeatureExtractor.o
FLASH_Erase_Sector                                build/Drivers/STM32F4xx_HAL_Driver/Src/stm32f4xx_hal_flash_ex.o
                                                  build/Drivers/STM32F4xx_HAL_Driver/Src/stm32f4xx_hal_flash.o
FLASH_FlushCaches                                 build/Drivers/STM32F4xx_HAL_Driver/Src/stm32f4xx_hal_flash_ex.o
                                                  build/Drivers/STM32F4xx_HAL_Driver/Src/stm32f4xx_hal_flash.o
FLASH_IRQHandler                                  build/startup_stm32f405xx.o
FLASH_WaitForLastOperation                        build/Drivers/STM32F4xx_HAL_Driver/Src/stm32f4xx_hal_flash.o
                                                  build/Drivers/STM32F4xx_HAL_Driver/Src/stm32f4xx_hal_flash_ex.o
FLC_DoDownload                                    build/Core/Src/FederatedClient.o
FLC_DoTraining                                    build/Core/Src/FederatedClient.o
FLC_DoUpload                                      build/Core/Src/FederatedClient.o
FLC_Init                                          build/Core/Src/FederatedClient.o
                                                  build/Core/Src/main.o
FLC_PrintStatus                                   build/Core/Src/FederatedClient.o
                                                  build/Core/Src/main.o
FLC_Reset                                         build/Core/Src/FederatedClient.o
                                                  build/Core/Src/main.o
FLC_StateStr                                      build/Core/Src/FederatedClient.o
FLC_SubmitSample                                  build/Core/Src/FederatedClient.o
                                                  build/Core/Src/main.o
FLC_Tick                                          build/Core/Src/FederatedClient.o
                                                  build/Core/Src/main.o
FLC_TriggerUpload                                 build/Core/Src/FederatedClient.o
                                                  build/Core/Src/main.o
FPU_IRQHandler                                    build/startup_stm32f405xx.o
FSMC_IRQHandler                                   build/startup_stm32f405xx.o
HAL_CORTEX_ClearEvent                             build/Drivers/STM32F4xx_HAL_Driver/Src/stm32f4xx_hal_cortex.o
HAL_DBGMCU_DisableDBGSleepMode                    build/Drivers/STM32F4xx_HAL_Driver/Src/stm32f4xx_hal.o
HAL_DBGMCU_DisableDBGStandbyMode                  build/Drivers/STM32F4xx_HAL_Driver/Src/stm32f4xx_hal.o
HAL_DBGMCU_DisableDBGStopMode                     build/Drivers/STM32F4xx_HAL_Driver/Src/stm32f4xx_hal.o
HAL_DBGMCU_EnableDBGSleepMode                     build/Drivers/STM32F4xx_HAL_Driver/Src/stm32f4xx_hal.o
HAL_DBGMCU_EnableDBGStandbyMode                   build/Drivers/STM32F4xx_HAL_Driver/Src/stm32f4xx_hal.o
HAL_DBGMCU_EnableDBGStopMode                      build/Drivers/STM32F4xx_HAL_Driver/Src/stm32f4xx_hal.o
HAL_DMA_Abort                                     build/Drivers/STM32F4xx_HAL_Driver/Src/stm32f4xx_hal_dma.o
                                                  build/Drivers/STM32F4xx_HAL_Driver/Src/stm32f4xx_hal_uart.o
HAL_DMA_Abort_IT                                  build/Drivers/STM32F4xx_HAL_Driver/Src/stm32f4xx_hal_dma.o
                                                  build/Drivers/STM32F4xx_HAL_Driver/Src/stm32f4xx_hal_tim_ex.o
                                                  build/Drivers/STM32F4xx_HAL_Driver/Src/stm32f4xx_hal_tim.o
                                                  build/Drivers/STM32F4xx_HAL_Driver/Src/stm32f4xx_hal_i2c.o
                                                  build/Drivers/STM32F4xx_HAL_Driver/Src/stm32f4xx_hal_uart.o
HAL_DMA_DeInit                                    build/Drivers/STM32F4xx_HAL_Driver/Src/stm32f4xx_hal_dma.o
HAL_DMA_GetError                                  build/Drivers/STM32F4xx_HAL_Driver/Src/stm32f4xx_hal_dma.o
                                                  build/Drivers/STM32F4xx_HAL_Driver/Src/stm32f4xx_hal_i2c.o
                                                  build/Drivers/STM32F4xx_HAL_Driver/Src/stm32f4xx_hal_uart.o
HAL_DMA_GetState                                  build/Drivers/STM32F4xx_HAL_Driver/Src/stm32f4xx_hal_dma.o
                                                  build/Drivers/STM32F4xx_HAL_Driver/Src/stm32f4xx_hal_i2c.o
HAL_DMA_IRQHandler                                build/Drivers/STM32F4xx_HAL_Driver/Src/stm32f4xx_hal_dma.o
HAL_DMA_Init                                      build/Drivers/STM32F4xx_HAL_Driver/Src/stm32f4xx_hal_dma.o
HAL_DMA_PollForTransfer                           build/Drivers/STM32F4xx_HAL_Driver/Src/stm32f4xx_hal_dma.o
HAL_DMA_RegisterCallback                          build/Drivers/STM32F4xx_HAL_Driver/Src/stm32f4xx_hal_dma.o
HAL_DMA_Start                                     build/Drivers/STM32F4xx_HAL_Driver/Src/stm32f4xx_hal_dma.o
HAL_DMA_Start_IT                                  build/Drivers/STM32F4xx_HAL_Driver/Src/stm32f4xx_hal_dma.o
                                                  build/Drivers/STM32F4xx_HAL_Driver/Src/stm32f4xx_hal_tim_ex.o
                                                  build/Drivers/STM32F4xx_HAL_Driver/Src/stm32f4xx_hal_tim.o
                                                  build/Drivers/STM32F4xx_HAL_Driver/Src/stm32f4xx_hal_i2c.o
                                                  build/Drivers/STM32F4xx_HAL_Driver/Src/stm32f4xx_hal_uart.o
HAL_DMA_UnRegisterCallback                        build/Drivers/STM32F4xx_HAL_Driver/Src/stm32f4xx_hal_dma.o
HAL_DeInit                                        build/Drivers/STM32F4xx_HAL_Driver/Src/stm32f4xx_hal.o
HAL_Delay                                         build/Drivers/STM32F4xx_HAL_Driver/Src/stm32f4xx_hal.o
                                                  build/Core/Src/MPU6050.o
                                                  build/Core/Src/main.o
HAL_DisableCompensationCell                       build/Drivers/STM32F4xx_HAL_Driver/Src/stm32f4xx_hal.o
HAL_EnableCompensationCell                        build/Drivers/STM32F4xx_HAL_Driver/Src/stm32f4xx_hal.o
HAL_FLASHEx_Erase                                 build/Drivers/STM32F4xx_HAL_Driver/Src/stm32f4xx_hal_flash_ex.o
HAL_FLASHEx_Erase_IT                              build/Drivers/STM32F4xx_HAL_Driver/Src/stm32f4xx_hal_flash_ex.o
HAL_FLASHEx_OBGetConfig                           build/Drivers/STM32F4xx_HAL_Driver/Src/stm32f4xx_hal_flash_ex.o
HAL_FLASHEx_OBProgram                             build/Drivers/STM32F4xx_HAL_Driver/Src/stm32f4xx_hal_flash_ex.o
HAL_FLASH_EndOfOperationCallback                  build/Drivers/STM32F4xx_HAL_Driver/Src/stm32f4xx_hal_flash.o
HAL_FLASH_GetError                                build/Drivers/STM32F4xx_HAL_Driver/Src/stm32f4xx_hal_flash.o
HAL_FLASH_IRQHandler                              build/Drivers/STM32F4xx_HAL_Driver/Src/stm32f4xx_hal_flash.o
HAL_FLASH_Lock                                    build/Drivers/STM32F4xx_HAL_Driver/Src/stm32f4xx_hal_flash.o
HAL_FLASH_OB_Launch                               build/Drivers/STM32F4xx_HAL_Driver/Src/stm32f4xx_hal_flash.o
HAL_FLASH_OB_Lock                                 build/Drivers/STM32F4xx_HAL_Driver/Src/stm32f4xx_hal_flash.o
HAL_FLASH_OB_Unlock                               build/Drivers/STM32F4xx_HAL_Driver/Src/stm32f4xx_hal_flash.o
HAL_FLASH_OperationErrorCallback                  build/Drivers/STM32F4xx_HAL_Driver/Src/stm32f4xx_hal_flash.o
HAL_FLASH_Program                                 build/Drivers/STM32F4xx_HAL_Driver/Src/stm32f4xx_hal_flash.o
HAL_FLASH_Program_IT                              build/Drivers/STM32F4xx_HAL_Driver/Src/stm32f4xx_hal_flash.o
HAL_FLASH_Unlock                                  build/Drivers/STM32F4xx_HAL_Driver/Src/stm32f4xx_hal_flash.o
HAL_GPIO_DeInit                                   build/Drivers/STM32F4xx_HAL_Driver/Src/stm32f4xx_hal_gpio.o
HAL_GPIO_EXTI_Callback                            build/Core/Src/main.o
HAL_GPIO_EXTI_IRQHandler                          build/Drivers/STM32F4xx_HAL_Driver/Src/stm32f4xx_hal_gpio.o
HAL_GPIO_Init                                     build/Drivers/STM32F4xx_HAL_Driver/Src/stm32f4xx_hal_gpio.o
                                                  build/Drivers/STM32F4xx_HAL_Driver/Src/stm32f4xx_hal_rcc.o
                                                  build/Core/Src/main.o